Archive member included because of file (symbol)

C:/sviluppo/ESP8266/projects/ESPWebFramework/../../SDK/esp_iot_rtos_sdk-master/lib\libmain.a(xtensa_vectors.o)
                              (call_user_start)
C:/sviluppo/ESP8266/projects/ESPWebFramework/../../SDK/esp_iot_rtos_sdk-master/lib\libmain.a(app_main.o)
                              C:/sviluppo/ESP8266/projects/ESPWebFramework/../../SDK/esp_iot_rtos_sdk-master/lib\libmain.a(xtensa_vectors.o) (user_fatal_exception_handler)
C:/sviluppo/ESP8266/projects/ESPWebFramework/../../SDK/esp_iot_rtos_sdk-master/lib\libmain.a(misc.o)
                              C:/sviluppo/ESP8266/projects/ESPWebFramework/../../SDK/esp_iot_rtos_sdk-master/lib\libmain.a(app_main.o) (os_install_putc1)
C:/sviluppo/ESP8266/projects/ESPWebFramework/../../SDK/esp_iot_rtos_sdk-master/lib\libmain.a(printf-stdarg.o)
                              C:/sviluppo/ESP8266/projects/ESPWebFramework/../../SDK/esp_iot_rtos_sdk-master/lib\libmain.a(app_main.o) (printf)
C:/sviluppo/ESP8266/projects/ESPWebFramework/../../SDK/esp_iot_rtos_sdk-master/lib\libmain.a(spi_flash.o)
                              C:/sviluppo/ESP8266/projects/ESPWebFramework/../../SDK/esp_iot_rtos_sdk-master/lib\libmain.a(app_main.o) (flashchip)
C:/sviluppo/ESP8266/projects/ESPWebFramework/../../SDK/esp_iot_rtos_sdk-master/lib\libmain.a(uart.o)
                              C:/sviluppo/ESP8266/projects/ESPWebFramework/../../SDK/esp_iot_rtos_sdk-master/lib\libmain.a(app_main.o) (uart_div_modify)
C:/sviluppo/ESP8266/projects/ESPWebFramework/../../SDK/esp_iot_rtos_sdk-master/lib\libmain.a(user_interface.o)
                              C:/sviluppo/ESP8266/projects/ESPWebFramework/../../SDK/esp_iot_rtos_sdk-master/lib\libmain.a(app_main.o) (system_restart)
C:/sviluppo/ESP8266/projects/ESPWebFramework/../../SDK/esp_iot_rtos_sdk-master/lib\libmain.a(os_cpu_a.o)
                              C:/sviluppo/ESP8266/projects/ESPWebFramework/../../SDK/esp_iot_rtos_sdk-master/lib\libmain.a(xtensa_vectors.o) (_xt_int_enter)
C:/sviluppo/ESP8266/projects/ESPWebFramework/../../SDK/esp_iot_rtos_sdk-master/lib\libmain.a(xtensa_context.o)
                              C:/sviluppo/ESP8266/projects/ESPWebFramework/../../SDK/esp_iot_rtos_sdk-master/lib\libmain.a(os_cpu_a.o) (_xt_context_save)
C:/sviluppo/ESP8266/projects/ESPWebFramework/../../SDK/esp_iot_rtos_sdk-master/lib\libmain.a(timers.o)
                              C:/sviluppo/ESP8266/projects/ESPWebFramework/../../SDK/esp_iot_rtos_sdk-master/lib\libmain.a(user_interface.o) (os_timer_setfn)
C:/sviluppo/ESP8266/projects/ESPWebFramework/../../SDK/esp_iot_rtos_sdk-master/lib\libfreertos.a(heap_4.o)
                              C:/sviluppo/ESP8266/projects/ESPWebFramework/../../SDK/esp_iot_rtos_sdk-master/lib\libmain.a(timers.o) (pvPortMalloc)
C:/sviluppo/ESP8266/projects/ESPWebFramework/../../SDK/esp_iot_rtos_sdk-master/lib\libfreertos.a(port.o)
                              C:/sviluppo/ESP8266/projects/ESPWebFramework/../../SDK/esp_iot_rtos_sdk-master/lib\libmain.a(spi_flash.o) (vPortEnterCritical)
C:/sviluppo/ESP8266/projects/ESPWebFramework/../../SDK/esp_iot_rtos_sdk-master/lib\libfreertos.a(queue.o)
                              C:/sviluppo/ESP8266/projects/ESPWebFramework/../../SDK/esp_iot_rtos_sdk-master/lib\libmain.a(app_main.o) (xQueueGenericCreate)
C:/sviluppo/ESP8266/projects/ESPWebFramework/../../SDK/esp_iot_rtos_sdk-master/lib\libfreertos.a(tasks.o)
                              C:/sviluppo/ESP8266/projects/ESPWebFramework/../../SDK/esp_iot_rtos_sdk-master/lib\libmain.a(os_cpu_a.o) (pxCurrentTCB)
C:/sviluppo/ESP8266/projects/ESPWebFramework/../../SDK/esp_iot_rtos_sdk-master/lib\libfreertos.a(timers.o)
                              C:/sviluppo/ESP8266/projects/ESPWebFramework/../../SDK/esp_iot_rtos_sdk-master/lib\libfreertos.a(tasks.o) (xTimerCreateTimerTask)
C:/sviluppo/ESP8266/projects/ESPWebFramework/../../SDK/esp_iot_rtos_sdk-master/lib\libfreertos.a(list.o)
                              C:/sviluppo/ESP8266/projects/ESPWebFramework/../../SDK/esp_iot_rtos_sdk-master/lib\libfreertos.a(queue.o) (vListInitialise)
C:/sviluppo/ESP8266/projects/ESPWebFramework/../../SDK/esp_iot_rtos_sdk-master/lib\liblwip.a(dhcp.o)
                              C:/sviluppo/ESP8266/projects/ESPWebFramework/../../SDK/esp_iot_rtos_sdk-master/lib\libmain.a(user_interface.o) (dhcp_start)
C:/sviluppo/ESP8266/projects/ESPWebFramework/../../SDK/esp_iot_rtos_sdk-master/lib\liblwip.a(dns.o)
                              C:/sviluppo/ESP8266/projects/ESPWebFramework/../../SDK/esp_iot_rtos_sdk-master/lib\liblwip.a(dhcp.o) (dns_setserver)
C:/sviluppo/ESP8266/projects/ESPWebFramework/../../SDK/esp_iot_rtos_sdk-master/lib\liblwip.a(etharp.o)
                              C:/sviluppo/ESP8266/projects/ESPWebFramework/../../SDK/esp_iot_rtos_sdk-master/lib\liblwip.a(dhcp.o) (etharp_query)
C:/sviluppo/ESP8266/projects/ESPWebFramework/../../SDK/esp_iot_rtos_sdk-master/lib\liblwip.a(ip4_addr.o)
[...]
Memory Configuration

Name             Origin             Length             Attributes
dport0_0_seg     0x000000003ff00000 0x0000000000000010
dram0_0_seg      0x000000003ffe8000 0x0000000000014000
iram1_0_seg      0x0000000040100000 0x0000000000008000
irom0_0_seg      0x0000000040240000 0x000000000003c000
*default*        0x0000000000000000 0xffffffffffffffff

Linker script and memory map

START GROUP
LOAD c:/sviluppo/esp8266/sdk/xtensa-lx106-elf/bin/../lib/gcc/xtensa-lx106-elf/4.8.2\libgcc.a
LOAD c:/sviluppo/esp8266/sdk/xtensa-lx106-elf/bin/../lib/gcc/xtensa-lx106-elf/4.8.2/../../../../xtensa-lx106-elf/lib\libcirom.a
LOAD C:/sviluppo/ESP8266/projects/ESPWebFramework/../../SDK/esp_iot_rtos_sdk-master/lib\libhal.a
LOAD C:/sviluppo/ESP8266/projects/ESPWebFramework/../../SDK/esp_iot_rtos_sdk-master/lib\libphy.a
LOAD C:/sviluppo/ESP8266/projects/ESPWebFramework/../../SDK/esp_iot_rtos_sdk-master/lib\libpp.a
LOAD C:/sviluppo/ESP8266/projects/ESPWebFramework/../../SDK/esp_iot_rtos_sdk-master/lib\libnet80211.a
LOAD C:/sviluppo/ESP8266/projects/ESPWebFramework/../../SDK/esp_iot_rtos_sdk-master/lib\libwpa.a
LOAD C:/sviluppo/ESP8266/projects/ESPWebFramework/../../SDK/esp_iot_rtos_sdk-master/lib\libmain.a
LOAD C:/sviluppo/ESP8266/projects/ESPWebFramework/../../SDK/esp_iot_rtos_sdk-master/lib\libfreertos.a
LOAD C:/sviluppo/ESP8266/projects/ESPWebFramework/../../SDK/esp_iot_rtos_sdk-master/lib\liblwip.a
LOAD C:/sviluppo/ESP8266/projects/ESPWebFramework/../../SDK/esp_iot_rtos_sdk-master/lib\libudhcp.a
LOAD libuser.a
END GROUP
                0x0000000040000000                PROVIDE (_memmap_vecbase_reset, 0x40000000)
                0x0000000000000110                _memmap_cacheattr_wb_base = 0x110
                0x0000000000000110                _memmap_cacheattr_wt_base = 0x110
                0x0000000000000220                _memmap_cacheattr_bp_base = 0x220
                0x00000000fffff00f                _memmap_cacheattr_unused_mask = 0xfffff00f
                0x000000002222211f                _memmap_cacheattr_wb_trapnull = 0x2222211f
                0x000000002222211f                _memmap_cacheattr_wba_trapnull = 0x2222211f
                0x000000002222211f                _memmap_cacheattr_wbna_trapnull = 0x2222211f
                0x000000002222211f                _memmap_cacheattr_wt_trapnull = 0x2222211f
                0x000000002222222f                _memmap_cacheattr_bp_trapnull = 0x2222222f
                0x00000000fffff11f                _memmap_cacheattr_wb_strict = 0xfffff11f
                0x00000000fffff11f                _memmap_cacheattr_wt_strict = 0xfffff11f
                0x00000000fffff22f                _memmap_cacheattr_bp_strict = 0xfffff22f
                0x0000000022222112                _memmap_cacheattr_wb_allvalid = 0x22222112
                0x0000000022222112                _memmap_cacheattr_wt_allvalid = 0x22222112
                0x0000000022222222                _memmap_cacheattr_bp_allvalid = 0x22222222
                0x000000002222211f                PROVIDE (_memmap_cacheattr_reset, _memmap_cacheattr_wb_trapnull)

.dport0.rodata  0x000000003ff00000        0x0
                0x000000003ff00000                _dport0_rodata_start = ABSOLUTE (.)
 *(.dport0.rodata)
 *(.dport.rodata)
                0x000000003ff00000                _dport0_rodata_end = ABSOLUTE (.)

.dport0.literal
                0x000000003ff00000        0x0
                0x000000003ff00000                _dport0_literal_start = ABSOLUTE (.)
 *(.dport0.literal)
 *(.dport.literal)
                0x000000003ff00000                _dport0_literal_end = ABSOLUTE (.)

.dport0.data    0x000000003ff00000        0x0
                0x000000003ff00000                _dport0_data_start = ABSOLUTE (.)
 *(.dport0.data)
 *(.dport.data)
                0x000000003ff00000                _dport0_data_end = ABSOLUTE (.)

.data           0x000000003ffe8000      0x7b0
                0x000000003ffe8000                _data_start = ABSOLUTE (.)
 *(.data)
 .data          0x000000003ffe8000        0x4 C:/sviluppo/ESP8266/projects/ESPWebFramework/../../SDK/esp_iot_rtos_sdk-master/lib\libmain.a(xtensa_vectors.o)
                0x000000003ffe8000                _Pri_3_HandlerAddress
 *fill*         0x000000003ffe8004        0xc 
 .data          0x000000003ffe8010       0x80 C:/sviluppo/ESP8266/projects/ESPWebFramework/../../SDK/esp_iot_rtos_sdk-master/lib\libmain.a(app_main.o)
 .data          0x000000003ffe8090        0x4 C:/sviluppo/ESP8266/projects/ESPWebFramework/../../SDK/esp_iot_rtos_sdk-master/lib\libmain.a(misc.o)
 .data          0x000000003ffe8094       0x18 C:/sviluppo/ESP8266/projects/ESPWebFramework/../../SDK/esp_iot_rtos_sdk-master/lib\libmain.a(spi_flash.o)
                0x000000003ffe8094                flashchip
 .data          0x000000003ffe80ac        0x1 C:/sviluppo/ESP8266/projects/ESPWebFramework/../../SDK/esp_iot_rtos_sdk-master/lib\libmain.a(user_interface.o)
                0x000000003ffe80ac                dhcpc_flag
 *fill*         0x000000003ffe80ad        0x3 
 .data          0x000000003ffe80b0        0x4 C:/sviluppo/ESP8266/projects/ESPWebFramework/../../SDK/esp_iot_rtos_sdk-master/lib\libfreertos.a(tasks.o)
 .data          0x000000003ffe80b4        0x4 C:/sviluppo/ESP8266/projects/ESPWebFramework/../../SDK/esp_iot_rtos_sdk-master/lib\liblwip.a(dhcp.o)
 .data          0x000000003ffe80b8        0x8 C:/sviluppo/ESP8266/projects/ESPWebFramework/../../SDK/esp_iot_rtos_sdk-master/lib\liblwip.a(tcp.o)
 .data          0x000000003ffe80c0        0x2 C:/sviluppo/ESP8266/projects/ESPWebFramework/../../SDK/esp_iot_rtos_sdk-master/lib\liblwip.a(udp.o)
 *fill*         0x000000003ffe80c2        0x2 
 .data          0x000000003ffe80c4        0x4 libuser.a(fdvflash.o)
                0x000000003ffe80c4                fdv::FlashAllocator::s_pos
 *fill*         0x000000003ffe80c8        0x8 
 .data          0x000000003ffe80d0       0x53 C:/sviluppo/ESP8266/projects/ESPWebFramework/../../SDK/esp_iot_rtos_sdk-master/lib\libphy.a(phy_chip_v6.o)
                0x000000003ffe80d2                tx_rf_ana_gain
                0x000000003ffe80f4                tx_pwctrl_atten_init_en
                0x000000003ffe8100                rx_gain_swp
                0x000000003ffe8120                test_rffreq_txcap
 *fill*         0x000000003ffe8123        0xd 
 .data          0x000000003ffe8130       0x90 C:/sviluppo/ESP8266/projects/ESPWebFramework/../../SDK/esp_iot_rtos_sdk-master/lib\libphy.a(phy_chip_v6_cal.o)
                0x000000003ffe8130                dpd_index
                0x000000003ffe8190                dpd_db2linear
 .data          0x000000003ffe81c0        0x4 C:/sviluppo/ESP8266/projects/ESPWebFramework/../../SDK/esp_iot_rtos_sdk-master/lib\libphy.a(phy_sleep.o)
                0x000000003ffe81c0                chip_version
 .data          0x000000003ffe81c4      0x11c C:/sviluppo/ESP8266/projects/ESPWebFramework/../../SDK/esp_iot_rtos_sdk-master/lib\libphy.a(phy_chip_v5_romfunc.o)
                0x000000003ffe81c4                g_phyFuns
                0x000000003ffe81c8                g_phyFuns_instance
 .data          0x000000003ffe82e0        0x7 C:/sviluppo/ESP8266/projects/ESPWebFramework/../../SDK/esp_iot_rtos_sdk-master/lib\libphy.a(phy_chip_v5_cal_romfunc.o)
 *fill*         0x000000003ffe82e7        0x1 
 .data          0x000000003ffe82e8        0x1 C:/sviluppo/ESP8266/projects/ESPWebFramework/../../SDK/esp_iot_rtos_sdk-master/lib\libpp.a(pm.o)
 *fill*         0x000000003ffe82e9        0x3 
 .data          0x000000003ffe82ec        0x8 C:/sviluppo/ESP8266/projects/ESPWebFramework/../../SDK/esp_iot_rtos_sdk-master/lib\libpp.a(pp.o)
                0x000000003ffe82ec                noise_now
                0x000000003ffe82ed                idle_wait_ms
 *fill*         0x000000003ffe82f4        0xc 
 .data          0x000000003ffe8300       0x40 C:/sviluppo/ESP8266/projects/ESPWebFramework/../../SDK/esp_iot_rtos_sdk-master/lib\libpp.a(rate_control.o)
 .data          0x000000003ffe8340      0x22c C:/sviluppo/ESP8266/projects/ESPWebFramework/../../SDK/esp_iot_rtos_sdk-master/lib\libpp.a(trc.o)
 .data          0x000000003ffe856c        0x4 C:/sviluppo/ESP8266/projects/ESPWebFramework/../../SDK/esp_iot_rtos_sdk-master/lib\libpp.a(wdev.o)
 .data          0x000000003ffe8570      0x1a8 C:/sviluppo/ESP8266/projects/ESPWebFramework/../../SDK/esp_iot_rtos_sdk-master/lib\libnet80211.a(ieee80211_phy.o)
 *fill*         0x000000003ffe8718        0x8 
 .data          0x000000003ffe8720       0x26 C:/sviluppo/ESP8266/projects/ESPWebFramework/../../SDK/esp_iot_rtos_sdk-master/lib\libnet80211.a(ieee80211_proto.o)
                0x000000003ffe8720                ieee80211_state_name
                0x000000003ffe8740                ieee80211_addr_bcast
 *fill*         0x000000003ffe8746        0x2 
 .data          0x000000003ffe8748       0x1c C:/sviluppo/ESP8266/projects/ESPWebFramework/../../SDK/esp_iot_rtos_sdk-master/lib\libnet80211.a(ieee80211_action.o)
 .data          0x000000003ffe8764        0x4 C:/sviluppo/ESP8266/projects/ESPWebFramework/../../SDK/esp_iot_rtos_sdk-master/lib\libmain.a(libc.o)
 .data          0x000000003ffe8768       0x18 C:/sviluppo/ESP8266/projects/ESPWebFramework/../../SDK/esp_iot_rtos_sdk-master/lib\libnet80211.a(ieee80211_crypto_ccmp.o)
                0x000000003ffe8768                ccmp
 .data          0x000000003ffe8780       0x18 C:/sviluppo/ESP8266/projects/ESPWebFramework/../../SDK/esp_iot_rtos_sdk-master/lib\libnet80211.a(ieee80211_crypto_tkip.o)
                0x000000003ffe8780                tkip
 .data          0x000000003ffe8798       0x18 C:/sviluppo/ESP8266/projects/ESPWebFramework/../../SDK/esp_iot_rtos_sdk-master/lib\libnet80211.a(ieee80211_crypto_wep.o)
                0x000000003ffe8798                wep
 *(.data.*)
 *(.gnu.linkonce.d.*)
 *(.data1)
 *(.sdata)
 *(.sdata.*)
 *(.gnu.linkonce.s.*)
 *(.sdata2)
 *(.sdata2.*)
 *(.gnu.linkonce.s2.*)
 *(.jcr)
                0x000000003ffe87b0                _data_end = ABSOLUTE (.)

.rodata         0x000000003ffe87b0     0x194c
                0x000000003ffe87b0                _rodata_start = ABSOLUTE (.)
 *(.rodata)
 .rodata        0x000000003ffe87b0        0x2 C:/sviluppo/ESP8266/projects/ESPWebFramework/../../SDK/esp_iot_rtos_sdk-master/lib\libfreertos.a(heap_4.o)
 *fill*         0x000000003ffe87b2        0xe 
 .rodata        0x000000003ffe87c0       0x14 C:/sviluppo/ESP8266/projects/ESPWebFramework/../../SDK/esp_iot_rtos_sdk-master/lib\libfreertos.a(tasks.o)
 .rodata        0x000000003ffe87d4        0xc C:/sviluppo/ESP8266/projects/ESPWebFramework/../../SDK/esp_iot_rtos_sdk-master/lib\liblwip.a(etharp.o)
                0x000000003ffe87d4                ethbroadcast
                0x000000003ffe87da                ethzero
 .rodata        0x000000003ffe87e0        0x8 C:/sviluppo/ESP8266/projects/ESPWebFramework/../../SDK/esp_iot_rtos_sdk-master/lib\liblwip.a(ip4_addr.o)
                0x000000003ffe87e0                ip_addr_any
                0x000000003ffe87e4                ip_addr_broadcast
 *fill*         0x000000003ffe87e8        0x8 
 .rodata        0x000000003ffe87f0       0x1e C:/sviluppo/ESP8266/projects/ESPWebFramework/../../SDK/esp_iot_rtos_sdk-master/lib\liblwip.a(memp.o)
                0x000000003ffe87f0                memp_sizes
 *fill*         0x000000003ffe880e        0x2 
 .rodata        0x000000003ffe8810       0x5c C:/sviluppo/ESP8266/projects/ESPWebFramework/../../SDK/esp_iot_rtos_sdk-master/lib\liblwip.a(tcp.o)
                0x000000003ffe8810                tcp_pcb_lists
                0x000000003ffe8820                tcp_persist_backoff
                0x000000003ffe8830                tcp_backoff
                0x000000003ffe8840                tcp_state_str
 *fill*         0x000000003ffe886c        0x4 
 .rodata        0x000000003ffe8870       0x40 C:/sviluppo/ESP8266/projects/ESPWebFramework/../../SDK/esp_iot_rtos_sdk-master/lib\liblwip.a(sockets.o)
 .rodata        0x000000003ffe88b0        0x8 C:/sviluppo/ESP8266/projects/ESPWebFramework/../../SDK/esp_iot_rtos_sdk-master/lib\libphy.a(phy_chip_v6.o)
 *fill*         0x000000003ffe88b8        0x8 
 .rodata        0x000000003ffe88c0       0x10 C:/sviluppo/ESP8266/projects/ESPWebFramework/../../SDK/esp_iot_rtos_sdk-master/lib\libphy.a(phy_chip_v5_romfunc.o)
 .rodata        0x000000003ffe88d0        0xc C:/sviluppo/ESP8266/projects/ESPWebFramework/../../SDK/esp_iot_rtos_sdk-master/lib\libphy.a(phy_chip_v5_ana_romfunc.o)
 .rodata        0x000000003ffe88dc        0x4 C:/sviluppo/ESP8266/projects/ESPWebFramework/../../SDK/esp_iot_rtos_sdk-master/lib\libnet80211.a(ieee80211_hostap.o)
 .rodata        0x000000003ffe88e0        0x4 C:/sviluppo/ESP8266/projects/ESPWebFramework/../../SDK/esp_iot_rtos_sdk-master/lib\libnet80211.a(ieee80211_output.o)
 *fill*         0x000000003ffe88e4        0xc 
 .rodata        0x000000003ffe88f0       0x70 C:/sviluppo/ESP8266/projects/ESPWebFramework/../../SDK/esp_iot_rtos_sdk-master/lib\libnet80211.a(ieee80211_proto.o)
 .rodata        0x000000003ffe8960        0x8 C:/sviluppo/ESP8266/projects/ESPWebFramework/../../SDK/esp_iot_rtos_sdk-master/lib\libnet80211.a(wl_cnx.o)
 .rodata        0x000000003ffe8968        0x6 C:/sviluppo/ESP8266/projects/ESPWebFramework/../../SDK/esp_iot_rtos_sdk-master/lib\libwpa.a(ap_config.o)
 *fill*         0x000000003ffe896e        0x2 
 .rodata        0x000000003ffe8970        0x8 C:/sviluppo/ESP8266/projects/ESPWebFramework/../../SDK/esp_iot_rtos_sdk-master/lib\libwpa.a(wpa.o)
 *fill*         0x000000003ffe8978        0x8 
 .rodata        0x000000003ffe8980        0xc C:/sviluppo/ESP8266/projects/ESPWebFramework/../../SDK/esp_iot_rtos_sdk-master/lib\libwpa.a(wpa_common.o)
 .rodata        0x000000003ffe898c        0x2 C:/sviluppo/ESP8266/projects/ESPWebFramework/../../SDK/esp_iot_rtos_sdk-master/lib\libwpa.a(sha1-internal.o)
 *fill*         0x000000003ffe898e        0x2 
 .rodata        0x000000003ffe8990      0x910 C:/sviluppo/ESP8266/projects/ESPWebFramework/../../SDK/esp_iot_rtos_sdk-master/lib\libwpa.a(aes-internal.o)
                0x000000003ffe8990                Te0
                0x000000003ffe8d90                rcons
                0x000000003ffe8da0                Td0
                0x000000003ffe91a0                Td4s
 .rodata        0x000000003ffe92a0      0x101 C:/sviluppo/ESP8266/projects/ESPWebFramework/../../SDK/esp_iot_rtos_sdk-master/lib\libmain.a(libc.o)
                0x000000003ffe92a0                _ctype_
 *fill*         0x000000003ffe93a1        0x3 
 .rodata        0x000000003ffe93a4      0x100 c:/sviluppo/esp8266/sdk/xtensa-lx106-elf/bin/../lib/gcc/xtensa-lx106-elf/4.8.2\libgcc.a(_popcount_tab.o)
                0x000000003ffe93a4                __popcount_tab
 *(.rodata.*)
 .rodata.str1.4
                0x000000003ffe94a4      0x145 C:/sviluppo/ESP8266/projects/ESPWebFramework/../../SDK/esp_iot_rtos_sdk-master/lib\libmain.a(app_main.o)
 *fill*         0x000000003ffe95e9        0x3 
 .rodata.str1.4
                0x000000003ffe95ec        0x7 C:/sviluppo/ESP8266/projects/ESPWebFramework/../../SDK/esp_iot_rtos_sdk-master/lib\libmain.a(printf-stdarg.o)
                                          0xc (size before relaxing)
 *fill*         0x000000003ffe95f3        0x1 
 .rodata.str1.4
                0x000000003ffe95f4       0xdf C:/sviluppo/ESP8266/projects/ESPWebFramework/../../SDK/esp_iot_rtos_sdk-master/lib\libmain.a(user_interface.o)
                                         0xe7 (size before relaxing)
 *fill*         0x000000003ffe96d3        0x1 
 .rodata.str1.4
                0x000000003ffe96d4       0x15 C:/sviluppo/ESP8266/projects/ESPWebFramework/../../SDK/esp_iot_rtos_sdk-master/lib\libfreertos.a(port.o)
 *fill*         0x000000003ffe96e9        0x3 
 .rodata.str1.4
                0x000000003ffe96ec       0x1c C:/sviluppo/ESP8266/projects/ESPWebFramework/../../SDK/esp_iot_rtos_sdk-master/lib\libfreertos.a(tasks.o)
 .rodata.str1.4
                0x000000003ffe9708       0x1b C:/sviluppo/ESP8266/projects/ESPWebFramework/../../SDK/esp_iot_rtos_sdk-master/lib\libfreertos.a(timers.o)
 *fill*         0x000000003ffe9723        0x1 
 .rodata.str1.4
                0x000000003ffe9724        0xf C:/sviluppo/ESP8266/projects/ESPWebFramework/../../SDK/esp_iot_rtos_sdk-master/lib\liblwip.a(dns.o)
 *fill*         0x000000003ffe9733        0x1 
 .rodata.str1.4
                0x000000003ffe9734       0x16 C:/sviluppo/ESP8266/projects/ESPWebFramework/../../SDK/esp_iot_rtos_sdk-master/lib\liblwip.a(sys_arch.o)
 *fill*         0x000000003ffe974a        0x2 
 .rodata.str1.4
                0x000000003ffe974c       0x41 C:/sviluppo/ESP8266/projects/ESPWebFramework/../../SDK/esp_iot_rtos_sdk-master/lib\liblwip.a(tcpip.o)
 *fill*         0x000000003ffe978d        0x3 
 .rodata.str1.4
                0x000000003ffe9790       0x76 C:/sviluppo/ESP8266/projects/ESPWebFramework/../../SDK/esp_iot_rtos_sdk-master/lib\liblwip.a(tcp.o)
 *fill*         0x000000003ffe9806        0x2 
 .rodata.str1.4
                0x000000003ffe9808       0x5e libuser.a(user_main.o)
                                         0x62 (size before relaxing)
 *fill*         0x000000003ffe9866        0x2 
 .rodata._ZTVN3fdv4TaskE
                0x000000003ffe9868        0xc libuser.a(user_main.o)
                0x000000003ffe9868                vtable for fdv::Task
 *fill*         0x000000003ffe9874        0x4 
 .rodata._ZTV5Task1
                0x000000003ffe9878        0xc libuser.a(user_main.o)
                0x000000003ffe9878                vtable for Task1
 *fill*         0x000000003ffe9884        0x4 
 .rodata._ZTV8MainTask
                0x000000003ffe9888        0xc libuser.a(user_main.o)
                0x000000003ffe9888                vtable for MainTask
 *fill*         0x000000003ffe9894        0x4 
 .rodata._ZTVN3fdv14HardwareSerialE
                0x000000003ffe9898       0x24 libuser.a(fdvserial.o)
                0x000000003ffe9898                vtable for fdv::HardwareSerial
 .rodata.str1.4
                0x000000003ffe98bc       0x3d C:/sviluppo/ESP8266/projects/ESPWebFramework/../../SDK/esp_iot_rtos_sdk-master/lib\libphy.a(phy_chip_v6_ana.o)
                                         0x45 (size before relaxing)
 *fill*         0x000000003ffe98f9        0x3 
 .rodata.str1.4
                0x000000003ffe98fc       0xca C:/sviluppo/ESP8266/projects/ESPWebFramework/../../SDK/esp_iot_rtos_sdk-master/lib\libphy.a(phy_chip_v6.o)
                                         0xce (size before relaxing)
 *fill*         0x000000003ffe99c6        0x2 
 .rodata.str1.4
                0x000000003ffe99c8      0x179 C:/sviluppo/ESP8266/projects/ESPWebFramework/../../SDK/esp_iot_rtos_sdk-master/lib\libphy.a(phy_chip_v6_cal.o)
 *fill*         0x000000003ffe9b41        0x3 
 .rodata.str1.4
                0x000000003ffe9b44       0x1d C:/sviluppo/ESP8266/projects/ESPWebFramework/../../SDK/esp_iot_rtos_sdk-master/lib\libphy.a(phy_chip_v6_unused.o)
 *fill*         0x000000003ffe9b61        0x3 
 .rodata.str1.4
                0x000000003ffe9b64       0x22 C:/sviluppo/ESP8266/projects/ESPWebFramework/../../SDK/esp_iot_rtos_sdk-master/lib\libphy.a(phy_chip_v5_romfunc.o)
 *fill*         0x000000003ffe9b86        0x2 
 .rodata.str1.4
                0x000000003ffe9b88       0xbd C:/sviluppo/ESP8266/projects/ESPWebFramework/../../SDK/esp_iot_rtos_sdk-master/lib\libphy.a(phy_chip_v5_cal_romfunc.o)
                                         0xe5 (size before relaxing)
 *fill*         0x000000003ffe9c45        0x3 
 .rodata.str1.4
                0x000000003ffe9c48       0x33 C:/sviluppo/ESP8266/projects/ESPWebFramework/../../SDK/esp_iot_rtos_sdk-master/lib\libpp.a(lmac.o)
                                         0x3b (size before relaxing)
 *fill*         0x000000003ffe9c7b        0x1 
 .rodata.str1.4
                0x000000003ffe9c7c      0x11b C:/sviluppo/ESP8266/projects/ESPWebFramework/../../SDK/esp_iot_rtos_sdk-master/lib\libpp.a(pm.o)
                                        0x13b (size before relaxing)
 *fill*         0x000000003ffe9d97        0x1 
 .rodata.str1.4
                0x000000003ffe9d98       0x93 C:/sviluppo/ESP8266/projects/ESPWebFramework/../../SDK/esp_iot_rtos_sdk-master/lib\libpp.a(pp.o)
                                         0x9b (size before relaxing)
 *fill*         0x000000003ffe9e2b        0x1 
 .rodata.str1.4
                0x000000003ffe9e2c       0x39 C:/sviluppo/ESP8266/projects/ESPWebFramework/../../SDK/esp_iot_rtos_sdk-master/lib\libpp.a(trc.o)
 *fill*         0x000000003ffe9e65        0x3 
 .rodata.str1.4
                0x000000003ffe9e68        0xb C:/sviluppo/ESP8266/projects/ESPWebFramework/../../SDK/esp_iot_rtos_sdk-master/lib\libpp.a(wdev.o)
                                         0x13 (size before relaxing)
 *fill*         0x000000003ffe9e73        0x1 
 .rodata.str1.4
                0x000000003ffe9e74       0x50 C:/sviluppo/ESP8266/projects/ESPWebFramework/../../SDK/esp_iot_rtos_sdk-master/lib\libpp.a(if_hwctrl.o)
 .rodata.str1.4
                0x000000003ffe9ec4       0x37 C:/sviluppo/ESP8266/projects/ESPWebFramework/../../SDK/esp_iot_rtos_sdk-master/lib\libnet80211.a(ieee80211.o)
                                         0x42 (size before relaxing)
 *fill*         0x000000003ffe9efb        0x1 
 .rodata.str1.4
                0x000000003ffe9efc       0x19 C:/sviluppo/ESP8266/projects/ESPWebFramework/../../SDK/esp_iot_rtos_sdk-master/lib\libnet80211.a(ieee80211_ht.o)
 *fill*         0x000000003ffe9f15        0x3 
 .rodata.str1.4
                0x000000003ffe9f18       0x27 C:/sviluppo/ESP8266/projects/ESPWebFramework/../../SDK/esp_iot_rtos_sdk-master/lib\libnet80211.a(ieee80211_output.o)
                                         0x2f (size before relaxing)
 *fill*         0x000000003ffe9f3f        0x1 
 .rodata.str1.4
                0x000000003ffe9f40       0x32 C:/sviluppo/ESP8266/projects/ESPWebFramework/../../SDK/esp_iot_rtos_sdk-master/lib\libnet80211.a(ieee80211_proto.o)
 *fill*         0x000000003ffe9f72        0x2 
 .rodata.str1.4
                0x000000003ffe9f74       0x24 C:/sviluppo/ESP8266/projects/ESPWebFramework/../../SDK/esp_iot_rtos_sdk-master/lib\libnet80211.a(ieee80211_scan.o)
 .rodata.str1.4
                0x000000003ffe9f98       0x99 C:/sviluppo/ESP8266/projects/ESPWebFramework/../../SDK/esp_iot_rtos_sdk-master/lib\libnet80211.a(wl_cnx.o)
 *fill*         0x000000003ffea031        0x3 
 .rodata.str1.4
                0x000000003ffea034       0x3c C:/sviluppo/ESP8266/projects/ESPWebFramework/../../SDK/esp_iot_rtos_sdk-master/lib\libwpa.a(wpa_auth.o)
                                         0x43 (size before relaxing)
 .rodata.str1.4
                0x0000000000000000       0x17 C:/sviluppo/ESP8266/projects/ESPWebFramework/../../SDK/esp_iot_rtos_sdk-master/lib\libwpa.a(wpa.o)
 .rodata.str1.4
                0x000000003ffea070       0x45 C:/sviluppo/ESP8266/projects/ESPWebFramework/../../SDK/esp_iot_rtos_sdk-master/lib\libwpa.a(wpa_common.o)
 *fill*         0x000000003ffea0b5        0x3 
 .rodata.str1.4
                0x000000003ffea0b8       0x36 C:/sviluppo/ESP8266/projects/ESPWebFramework/../../SDK/esp_iot_rtos_sdk-master/lib\libwpa.a(wpa_main.o)
 *fill*         0x000000003ffea0ee        0x2 
 .rodata.str1.4
                0x000000003ffea0f0        0x4 C:/sviluppo/ESP8266/projects/ESPWebFramework/../../SDK/esp_iot_rtos_sdk-master/lib\libwpa.a(sha1-internal.o)
                                          0x2 (size before relaxing)
 *(.gnu.linkonce.r.*)
 *(.rodata1)
                0x000000003ffea0f4                __XT_EXCEPTION_TABLE__ = ABSOLUTE (.)
 *(.xt_except_table)
 *(.gcc_except_table)
 *(.gnu.linkonce.e.*)
 *(.gnu.version_r)
 *(.eh_frame)
 *crtbegin.o(.ctors)
 *(EXCLUDE_FILE(*crtend.o) .ctors)
 *(SORT(.ctors.*))
 *(.ctors)
 *crtbegin.o(.dtors)
 *(EXCLUDE_FILE(*crtend.o) .dtors)
 *(SORT(.dtors.*))
 *(.dtors)
                0x000000003ffea0f4                __XT_EXCEPTION_DESCS__ = ABSOLUTE (.)
 *(.xt_except_desc)
 *(.gnu.linkonce.h.*)
                0x000000003ffea0f4                __XT_EXCEPTION_DESCS_END__ = ABSOLUTE (.)
 *(.xt_except_desc_end)
 *(.dynamic)
 *(.gnu.version_d)
                0x000000003ffea0f4                . = ALIGN (0x4)
                0x000000003ffea0f4                _bss_table_start = ABSOLUTE (.)
                0x000000003ffea0f4        0x4 LONG 0x3ffea100 _bss_start
                0x000000003ffea0f8        0x4 LONG 0x3fff1ae0 _bss_end
                0x000000003ffea0fc                _bss_table_end = ABSOLUTE (.)
                0x000000003ffea0fc                _rodata_end = ABSOLUTE (.)

.UserExceptionVector.literal
                0x000000003ffea0fc        0x0
                0x000000003ffea0fc                _UserExceptionVector_literal_start = ABSOLUTE (.)
 *(.UserExceptionVector.literal)
                0x000000003ffea0fc                _UserExceptionVector_literal_end = ABSOLUTE (.)

.bss            0x000000003ffea100     0x79e0
                0x000000003ffea100                . = ALIGN (0x8)
                0x000000003ffea100                _bss_start = ABSOLUTE (.)
 *(.dynsbss)
 *(.sbss)
 *(.sbss.*)
 *(.gnu.linkonce.sb.*)
 *(.scommon)
 *(.sbss2)
 *(.sbss2.*)
 *(.gnu.linkonce.sb2.*)
 *(.dynbss)
 *(.bss)
 .bss           0x000000003ffea100      0x340 C:/sviluppo/ESP8266/projects/ESPWebFramework/../../SDK/esp_iot_rtos_sdk-master/lib\libmain.a(xtensa_vectors.o)
 .bss           0x000000003ffea440       0x34 C:/sviluppo/ESP8266/projects/ESPWebFramework/../../SDK/esp_iot_rtos_sdk-master/lib\libmain.a(app_main.o)
                0x000000003ffea440                wdtSemaphore
                0x000000003ffea444                user_init_flag
                0x000000003ffea448                info
                0x000000003ffea46c                xUserTaskHandle
                0x000000003ffea470                xWatchDogTaskHandle
 .bss           0x000000003ffea474        0x4 C:/sviluppo/ESP8266/projects/ESPWebFramework/../../SDK/esp_iot_rtos_sdk-master/lib\libmain.a(misc.o)
                0x000000003ffea474                _putc1
 *fill*         0x000000003ffea478        0x8 
 .bss           0x000000003ffea480      0x111 C:/sviluppo/ESP8266/projects/ESPWebFramework/../../SDK/esp_iot_rtos_sdk-master/lib\libmain.a(user_interface.o)
                0x000000003ffea570                promiscuous_cb
 *fill*         0x000000003ffea591        0x3 
 .bss           0x000000003ffea594        0x5 C:/sviluppo/ESP8266/projects/ESPWebFramework/../../SDK/esp_iot_rtos_sdk-master/lib\libmain.a(timers.o)
 *fill*         0x000000003ffea599        0x3 
 .bss           0x000000003ffea59c       0x1c C:/sviluppo/ESP8266/projects/ESPWebFramework/../../SDK/esp_iot_rtos_sdk-master/lib\libfreertos.a(heap_4.o)
 *fill*         0x000000003ffea5b8        0x8 
 .bss           0x000000003ffea5c0       0x50 C:/sviluppo/ESP8266/projects/ESPWebFramework/../../SDK/esp_iot_rtos_sdk-master/lib\libfreertos.a(port.o)
                0x000000003ffea5c0                ClosedLv1Isr
                0x000000003ffea5c8                cpu_sr
                0x000000003ffea5d0                isr
 .bss           0x000000003ffea610      0x244 C:/sviluppo/ESP8266/projects/ESPWebFramework/../../SDK/esp_iot_rtos_sdk-master/lib\libfreertos.a(tasks.o)
                0x000000003ffea614                pxCurrentTCB
 .bss           0x000000003ffea854       0x3c C:/sviluppo/ESP8266/projects/ESPWebFramework/../../SDK/esp_iot_rtos_sdk-master/lib\libfreertos.a(timers.o)
 .bss           0x000000003ffea890       0x38 C:/sviluppo/ESP8266/projects/ESPWebFramework/../../SDK/esp_iot_rtos_sdk-master/lib\liblwip.a(dhcp.o)
                0x000000003ffea890                dhcp_rx_options_given
                0x000000003ffea8a0                dhcp_rx_options_val
 *fill*         0x000000003ffea8c8        0x8 
 .bss           0x000000003ffea8d0      0x690 C:/sviluppo/ESP8266/projects/ESPWebFramework/../../SDK/esp_iot_rtos_sdk-master/lib\liblwip.a(dns.o)
 .bss           0x000000003ffeaf60       0xd8 C:/sviluppo/ESP8266/projects/ESPWebFramework/../../SDK/esp_iot_rtos_sdk-master/lib\liblwip.a(etharp.o)
 *fill*         0x000000003ffeb038        0x8 
 .bss           0x000000003ffeb040       0x10 C:/sviluppo/ESP8266/projects/ESPWebFramework/../../SDK/esp_iot_rtos_sdk-master/lib\liblwip.a(ip4_addr.o)
 .bss           0x000000003ffeb050       0x16 C:/sviluppo/ESP8266/projects/ESPWebFramework/../../SDK/esp_iot_rtos_sdk-master/lib\liblwip.a(ip4.o)
                0x000000003ffeb050                ip_data
 *fill*         0x000000003ffeb066        0x2 
 .bss           0x000000003ffeb068        0x6 C:/sviluppo/ESP8266/projects/ESPWebFramework/../../SDK/esp_iot_rtos_sdk-master/lib\liblwip.a(ip_frag.o)
 *fill*         0x000000003ffeb06e        0x2 
 .bss           0x000000003ffeb070        0xc C:/sviluppo/ESP8266/projects/ESPWebFramework/../../SDK/esp_iot_rtos_sdk-master/lib\liblwip.a(netif.o)
                0x000000003ffeb074                netif_list
                0x000000003ffeb078                netif_default
 .bss           0x000000003ffeb07c        0x4 C:/sviluppo/ESP8266/projects/ESPWebFramework/../../SDK/esp_iot_rtos_sdk-master/lib\liblwip.a(raw.o)
 .bss           0x000000003ffeb080       0xba C:/sviluppo/ESP8266/projects/ESPWebFramework/../../SDK/esp_iot_rtos_sdk-master/lib\liblwip.a(stats.o)
                0x000000003ffeb080                lwip_stats
 *fill*         0x000000003ffeb13a        0x2 
 .bss           0x000000003ffeb13c       0x2c C:/sviluppo/ESP8266/projects/ESPWebFramework/../../SDK/esp_iot_rtos_sdk-master/lib\liblwip.a(tcp_in.o)
                0x000000003ffeb164                tcp_input_pcb
 .bss           0x000000003ffeb168       0x14 C:/sviluppo/ESP8266/projects/ESPWebFramework/../../SDK/esp_iot_rtos_sdk-master/lib\liblwip.a(tcpip.o)
                0x000000003ffeb178                xLwipTaskHandle
 .bss           0x000000003ffeb17c       0x21 C:/sviluppo/ESP8266/projects/ESPWebFramework/../../SDK/esp_iot_rtos_sdk-master/lib\liblwip.a(tcp.o)
                0x000000003ffeb180                tcp_active_pcbs
                0x000000003ffeb184                tcp_tmp_pcb
                0x000000003ffeb188                tcp_active_pcbs_changed
                0x000000003ffeb18c                tcp_tw_pcbs
                0x000000003ffeb190                tcp_bound_pcbs
                0x000000003ffeb194                tcp_listen_pcbs
                0x000000003ffeb198                tcp_ticks
 *fill*         0x000000003ffeb19d        0x3 
 .bss           0x000000003ffeb1a0        0x8 C:/sviluppo/ESP8266/projects/ESPWebFramework/../../SDK/esp_iot_rtos_sdk-master/lib\liblwip.a(timers.o)
 .bss           0x000000003ffeb1a8        0x4 C:/sviluppo/ESP8266/projects/ESPWebFramework/../../SDK/esp_iot_rtos_sdk-master/lib\liblwip.a(udp.o)
                0x000000003ffeb1a8                udp_pcbs
 *fill*         0x000000003ffeb1ac        0x4 
 .bss           0x000000003ffeb1b0       0x70 C:/sviluppo/ESP8266/projects/ESPWebFramework/../../SDK/esp_iot_rtos_sdk-master/lib\liblwip.a(sockets.o)
 .bss           0x000000003ffeb220        0x4 libuser.a(fdvserial.o)
                0x000000003ffeb220                fdv::HardwareSerial::s_serials
 .bss           0x000000003ffeb224        0x4 C:/sviluppo/ESP8266/projects/ESPWebFramework/../../SDK/esp_iot_rtos_sdk-master/lib\libphy.a(phy.o)
 *fill*         0x000000003ffeb228        0x8 
 .bss           0x000000003ffeb230      0x38b C:/sviluppo/ESP8266/projects/ESPWebFramework/../../SDK/esp_iot_rtos_sdk-master/lib\libphy.a(phy_chip_v6.o)
                0x000000003ffeb230                rxiq_compute_num
                0x000000003ffeb234                rxdc_init_flag
                0x000000003ffeb238                check_result
                0x000000003ffeb23c                chip6_sleep_params
                0x000000003ffeb414                chip6_phy_init_ctrl
                0x000000003ffeb482                phy_freq_offset
                0x000000003ffeb484                do_pwctrl_flag
                0x000000003ffeb485                pwctrl_debug
                0x000000003ffeb486                txbk_dpdby_flag
                0x000000003ffeb488                sw_scan_mode
                0x000000003ffeb49c                periodic_cal_dc_num
                0x000000003ffeb4a0                periodic_cal_flag
                0x000000003ffeb4a1                bbpll_cal_flag
                0x000000003ffeb4a2                deep_sleep_en
                0x000000003ffeb4a8                noise_array
                0x000000003ffeb5b0                tx_pwctrl_atten_init
 *fill*         0x000000003ffeb5bb        0x1 
 .bss           0x000000003ffeb5bc        0x6 C:/sviluppo/ESP8266/projects/ESPWebFramework/../../SDK/esp_iot_rtos_sdk-master/lib\libphy.a(phy_chip_v6_cal.o)
                0x000000003ffeb5bc                loop_pwctrl_pwdet_error_accum_high_power
                0x000000003ffeb5be                tx_pwctrl_pk_num
                0x000000003ffeb5bf                loop_pwctrl_correct_atten_high_power
                0x000000003ffeb5c0                tx_pwctrl_set_chan_flag
                0x000000003ffeb5c1                rxiq_cover_fail_num
 *fill*         0x000000003ffeb5c2        0x2 
 .bss           0x000000003ffeb5c4        0x4 C:/sviluppo/ESP8266/projects/ESPWebFramework/../../SDK/esp_iot_rtos_sdk-master/lib\libphy.a(phy_sleep.o)
                0x000000003ffeb5c4                periodic_cal_sat
                0x000000003ffeb5c5                software_slp_reject
                0x000000003ffeb5c6                SDIO_slp_reject
                0x000000003ffeb5c7                hardware_reject
 *fill*         0x000000003ffeb5c8        0x8 
 .bss           0x000000003ffeb5d0      0x150 C:/sviluppo/ESP8266/projects/ESPWebFramework/../../SDK/esp_iot_rtos_sdk-master/lib\libpp.a(lmac.o)
                0x000000003ffeb5d4                lmacConfMib
 .bss           0x000000003ffeb720      0x112 C:/sviluppo/ESP8266/projects/ESPWebFramework/../../SDK/esp_iot_rtos_sdk-master/lib\libpp.a(pm.o)
 *fill*         0x000000003ffeb832        0xe 
 .bss           0x000000003ffeb840      0x242 C:/sviluppo/ESP8266/projects/ESPWebFramework/../../SDK/esp_iot_rtos_sdk-master/lib\libpp.a(pp.o)
                0x000000003ffeb864                time_num
                0x000000003ffeb868                idle_timer_enabled
 *fill*         0x000000003ffeba82        0xe 
 .bss           0x000000003ffeba90      0x100 C:/sviluppo/ESP8266/projects/ESPWebFramework/../../SDK/esp_iot_rtos_sdk-master/lib\libpp.a(rate_control.o)
 .bss           0x000000003ffebb90      0x268 C:/sviluppo/ESP8266/projects/ESPWebFramework/../../SDK/esp_iot_rtos_sdk-master/lib\libpp.a(trc.o)
 *fill*         0x000000003ffebdf8        0x8 
 .bss           0x000000003ffebe00     0x40c6 C:/sviluppo/ESP8266/projects/ESPWebFramework/../../SDK/esp_iot_rtos_sdk-master/lib\libpp.a(wdev.o)
                0x000000003ffebe00                wDevCtrl
                0x000000003ffebf84                NMIIrqIsOn
 *fill*         0x000000003ffefec6        0xa 
 .bss           0x000000003ffefed0      0xa7c C:/sviluppo/ESP8266/projects/ESPWebFramework/../../SDK/esp_iot_rtos_sdk-master/lib\libpp.a(esf_buf.o)
 *fill*         0x000000003fff094c        0x4 
 .bss           0x000000003fff0950       0x50 C:/sviluppo/ESP8266/projects/ESPWebFramework/../../SDK/esp_iot_rtos_sdk-master/lib\libpp.a(if_hwctrl.o)
                0x000000003fff0950                interface_mask
                0x000000003fff0960                if_ctrl
 .bss           0x000000003fff09a0      0x544 C:/sviluppo/ESP8266/projects/ESPWebFramework/../../SDK/esp_iot_rtos_sdk-master/lib\libnet80211.a(ieee80211.o)
                0x000000003fff09a0                xieee80211Queue
                0x000000003fff09a4                g_ic
 .bss           0x000000003fff0ee4       0x28 C:/sviluppo/ESP8266/projects/ESPWebFramework/../../SDK/esp_iot_rtos_sdk-master/lib\libnet80211.a(ieee80211_hostap.o)
                0x000000003fff0f04                TmpSTAAPCloseAP
                0x000000003fff0f05                PendFreeBcnEb
 .bss           0x000000003fff0f0c       0xe4 C:/sviluppo/ESP8266/projects/ESPWebFramework/../../SDK/esp_iot_rtos_sdk-master/lib\libnet80211.a(ieee80211_scan.o)
                0x000000003fff0f0c                gScanStruct
                0x000000003fff0fd0                scannum
 .bss           0x000000003fff0ff0       0x44 C:/sviluppo/ESP8266/projects/ESPWebFramework/../../SDK/esp_iot_rtos_sdk-master/lib\libnet80211.a(wl_chm.o)
 *fill*         0x000000003fff1034        0x4 
 .bss           0x000000003fff1038      0x768 C:/sviluppo/ESP8266/projects/ESPWebFramework/../../SDK/esp_iot_rtos_sdk-master/lib\libnet80211.a(wl_cnx.o)
                0x000000003fff1798                sta_con_timer
                0x000000003fff179c                g_cnx_probe_rc_list_cb
 .bss           0x000000003fff17a0      0x27a C:/sviluppo/ESP8266/projects/ESPWebFramework/../../SDK/esp_iot_rtos_sdk-master/lib\libwpa.a(wpa.o)
 *fill*         0x000000003fff1a1a        0x6 
 .bss           0x000000003fff1a20       0xb0 C:/sviluppo/ESP8266/projects/ESPWebFramework/../../SDK/esp_iot_rtos_sdk-master/lib\libwpa.a(aes-internal-dec.o)
 .bss           0x000000003fff1ad0        0x4 C:/sviluppo/ESP8266/projects/ESPWebFramework/../../SDK/esp_iot_rtos_sdk-master/lib\libmain.a(libc.o)
 *fill*         0x000000003fff1ad4        0x4 
 .bss           0x000000003fff1ad8        0x8 C:/sviluppo/ESP8266/projects/ESPWebFramework/../../SDK/esp_iot_rtos_sdk-master/lib\libnet80211.a(ieee80211_crypto_tkip.o)
 *(.bss.*)
 *(.gnu.linkonce.b.*)
 *(COMMON)
                0x000000003fff1ae0                . = ALIGN (0x8)
                0x000000003fff1ae0                _bss_end = ABSOLUTE (.)
                0x000000003fff1ae0                _heap_start = ABSOLUTE (.)

.text           0x0000000040100000     0x6ffc
                0x0000000040100000                _stext = .
                0x0000000040100000                _text_start = ABSOLUTE (.)
 *(.UserEnter.text)
 .UserEnter.text
                0x0000000040100000        0xd C:/sviluppo/ESP8266/projects/ESPWebFramework/../../SDK/esp_iot_rtos_sdk-master/lib\libmain.a(xtensa_vectors.o)
                                         0x14 (size before relaxing)
                0x0000000040100004                call_user_start
                0x0000000040100010                . = ALIGN (0x10)
 *fill*         0x000000004010000d        0x3 
 *(.DebugExceptionVector.text)
 .DebugExceptionVector.text
                0x0000000040100010        0x9 C:/sviluppo/ESP8266/projects/ESPWebFramework/../../SDK/esp_iot_rtos_sdk-master/lib\libmain.a(xtensa_vectors.o)
                                         0x10 (size before relaxing)
                0x0000000040100010                _DebugExceptionVector
                0x0000000040100020                . = ALIGN (0x10)
 *fill*         0x0000000040100019        0x7 
 *(.NMIExceptionVector.text)
 .NMIExceptionVector.text
                0x0000000040100020        0x6 C:/sviluppo/ESP8266/projects/ESPWebFramework/../../SDK/esp_iot_rtos_sdk-master/lib\libmain.a(xtensa_vectors.o)
                                          0xd (size before relaxing)
                0x0000000040100020                _NMIExceptionVector
                0x0000000040100030                . = ALIGN (0x10)
 *fill*         0x0000000040100026        0xa 
 *(.KernelExceptionVector.text)
 .KernelExceptionVector.text
                0x0000000040100030        0x6 C:/sviluppo/ESP8266/projects/ESPWebFramework/../../SDK/esp_iot_rtos_sdk-master/lib\libmain.a(xtensa_vectors.o)
                                          0xd (size before relaxing)
                0x0000000040100030                _KernelExceptionVector
                0x0000000040100036        0x4 LONG 0x0
                0x000000004010003a        0x4 LONG 0x0
                0x000000004010003e        0x4 LONG 0x0
                0x0000000040100042        0x4 LONG 0x0
                0x0000000040100050                . = ALIGN (0x10)
 *fill*         0x0000000040100046        0xa 
 *(.UserExceptionVector.text)
 .UserExceptionVector.text
                0x0000000040100050        0x6 C:/sviluppo/ESP8266/projects/ESPWebFramework/../../SDK/esp_iot_rtos_sdk-master/lib\libmain.a(xtensa_vectors.o)
                                          0xd (size before relaxing)
                0x0000000040100050                _UserExceptionVector
                0x0000000040100056        0x4 LONG 0x0
                0x000000004010005a        0x4 LONG 0x0
                0x000000004010005e        0x4 LONG 0x0
                0x0000000040100062        0x4 LONG 0x0
                0x0000000040100070                . = ALIGN (0x10)
 *fill*         0x0000000040100066        0xa 
 *(.DoubleExceptionVector.text)
 .DoubleExceptionVector.text
                0x0000000040100070        0x9 C:/sviluppo/ESP8266/projects/ESPWebFramework/../../SDK/esp_iot_rtos_sdk-master/lib\libmain.a(xtensa_vectors.o)
                                         0x10 (size before relaxing)
                0x0000000040100070                _DoubleExceptionVector
                0x0000000040100079        0x4 LONG 0x0
                0x000000004010007d        0x4 LONG 0x0
                0x0000000040100081        0x4 LONG 0x0
                0x0000000040100085        0x4 LONG 0x0
                0x0000000040100090                . = ALIGN (0x10)
 *fill*         0x0000000040100089        0x7 
 *(.entry.text)
 *(.init.literal)
 *(.init)
 *(.literal .text .literal.* .text.* .stub .gnu.warning .gnu.linkonce.literal.* .gnu.linkonce.t.*.literal .gnu.linkonce.t.*)
 .text          0x0000000040100090      0x19b C:/sviluppo/ESP8266/projects/ESPWebFramework/../../SDK/esp_iot_rtos_sdk-master/lib\libmain.a(xtensa_vectors.o)
                                        0x1c7 (size before relaxing)
                0x0000000040100090                _xt_panic
                0x0000000040100138                _xt_user_exit
 *fill*         0x000000004010022b        0x1 
 .text          0x000000004010022c      0x36a C:/sviluppo/ESP8266/projects/ESPWebFramework/../../SDK/esp_iot_rtos_sdk-master/lib\libmain.a(app_main.o)
                                        0x3e2 (size before relaxing)
                0x0000000040100350                user_fatal_exception_handler
                0x00000000401003f0                wdt_feed
                0x0000000040100430                user_start
                0x0000000040100528                vApplicationStackOverflowHook
                0x0000000040100554                vApplicationIdleHook
                0x0000000040100578                vApplicationTickHook
 *fill*         0x0000000040100596        0x2 
 .text          0x0000000040100598      0x4bc C:/sviluppo/ESP8266/projects/ESPWebFramework/../../SDK/esp_iot_rtos_sdk-master/lib\libmain.a(printf-stdarg.o)
                                        0x4cc (size before relaxing)
                0x0000000040100988                printf
                0x0000000040100988                ets_printf
                0x00000000401009bc                sprintf
                0x00000000401009e8                snprintf
                0x0000000040100a18                puts
                0x0000000040100a30                putchar
                0x0000000040100a50                __write
 .text          0x0000000040100a54      0x338 C:/sviluppo/ESP8266/projects/ESPWebFramework/../../SDK/esp_iot_rtos_sdk-master/lib\libmain.a(spi_flash.o)
                                        0x3b8 (size before relaxing)
                0x0000000040100a74                SPIReadModeCnfig
                0x0000000040100af8                SPIWrite
                0x0000000040100bcc                SPIRead
                0x0000000040100bfc                SPIEraseSector
                0x0000000040100c4c                spi_flash_get_id
                0x0000000040100cb0                spi_flash_erase_sector
                0x0000000040100ce8                spi_flash_write
                0x0000000040100d44                spi_flash_read
 .text          0x0000000040100d8c      0x143 C:/sviluppo/ESP8266/projects/ESPWebFramework/../../SDK/esp_iot_rtos_sdk-master/lib\libmain.a(os_cpu_a.o)
                                        0x177 (size before relaxing)
                0x0000000040100d8c                vPortYield
                0x0000000040100dcc                _xt_int_enter
                0x0000000040100de4                _xt_int_exit
                0x0000000040100e0c                _xt_timer_int
                0x0000000040100e40                _xt_timer_int1
                0x0000000040100e5c                _xt_tick_timer_init
                0x0000000040100e80                _xt_isr_unmask
                0x0000000040100e98                _xt_isr_mask
                0x0000000040100eb0                _xt_read_ints
                0x0000000040100ec0                _xt_clear_ints
 *fill*         0x0000000040100ecf        0x1 
 .text          0x0000000040100ed0      0x23d C:/sviluppo/ESP8266/projects/ESPWebFramework/../../SDK/esp_iot_rtos_sdk-master/lib\libfreertos.a(heap_4.o)
                                        0x271 (size before relaxing)
                0x0000000040100ee4                pvPortMalloc
                0x0000000040100ee4                malloc
                0x0000000040100fa0                vPortFree
                0x0000000040100fa0                free
                0x0000000040100ff8                calloc
                0x0000000040100ff8                pvPortCalloc
                0x0000000040101020                pvPortZalloc
                0x0000000040101020                zalloc
                0x0000000040101034                realloc
                0x0000000040101034                pvPortRealloc
                0x000000004010106c                xPortGetFreeHeapSize
                0x0000000040101074                vPortInitialiseBlocks
 *fill*         0x000000004010110d        0x3 
 .text          0x0000000040101110      0x147 C:/sviluppo/ESP8266/projects/ESPWebFramework/../../SDK/esp_iot_rtos_sdk-master/lib\libfreertos.a(port.o)
                                        0x17b (size before relaxing)
                0x0000000040101114                PendSV
                0x0000000040101170                SoftIsrHdl
                0x00000000401011b4                xPortSysTickHandle
                0x00000000401011d0                _xt_isr_attach
                0x00000000401011dc                _xt_isr_handler
 *fill*         0x0000000040101257        0x1 
 .text          0x0000000040101258      0x250 C:/sviluppo/ESP8266/projects/ESPWebFramework/../../SDK/esp_iot_rtos_sdk-master/lib\libfreertos.a(tasks.o)
                                        0x288 (size before relaxing)
                0x000000004010126c                xTaskIncrementTick
                0x00000000401013dc                vTaskSwitchContext
 .text          0x00000000401014a8       0x5a libuser.a(user_main.o)
                0x00000000401014c0                user_init
 *fill*         0x0000000040101502        0x2 
 .text          0x0000000040101504       0x8b libuser.a(fdvserial.o)
                0x0000000040101518                fdv::HardwareSerial_rx_handler()
 *fill*         0x000000004010158f        0x1 
 .text._ZN3fdv14HardwareSerial3putEh
                0x0000000040101590       0x23 libuser.a(fdvserial.o)
                                         0x27 (size before relaxing)
                0x0000000040101590                fdv::HardwareSerial::put(unsigned char)
 *fill*         0x00000000401015b3        0x1 
 .text._ZN3fdv14HardwareSerial4peekEv
                0x00000000401015b4       0x29 libuser.a(fdvserial.o)
                0x00000000401015b8                fdv::HardwareSerial::peek()
 *fill*         0x00000000401015dd        0x3 
 .text._ZN3fdv14HardwareSerial11waitForDataEm
                0x00000000401015e0       0x30 libuser.a(fdvserial.o)
                                         0x3c (size before relaxing)
                0x00000000401015e0                fdv::HardwareSerial::waitForData(unsigned long)
 .text._ZN3fdv14HardwareSerial4readEv
                0x0000000040101610       0x25 libuser.a(fdvserial.o)
                                         0x29 (size before relaxing)
                0x0000000040101610                fdv::HardwareSerial::read()
 *fill*         0x0000000040101635        0x3 
 .text._ZN3fdv14HardwareSerial9availableEv
                0x0000000040101638       0x1b libuser.a(fdvserial.o)
                0x000000004010163c                fdv::HardwareSerial::available()
 *fill*         0x0000000040101653        0x1 
 .text._ZN3fdv14HardwareSerial5flushEv
                0x0000000040101654       0x1b libuser.a(fdvserial.o)
                0x0000000040101658                fdv::HardwareSerial::flush()
 *fill*         0x000000004010166f        0x1 
 .text          0x0000000040101670       0x4b C:/sviluppo/ESP8266/projects/ESPWebFramework/../../SDK/esp_iot_rtos_sdk-master/lib\libphy.a(phy.o)
                                         0x53 (size before relaxing)
                0x0000000040101678                register_phy_ops
                0x0000000040101698                phy_change_channel
                0x00000000401016b0                phy_get_mactime
 *fill*         0x00000000401016bb        0x1 
 .text          0x00000000401016bc       0xf7 C:/sviluppo/ESP8266/projects/ESPWebFramework/../../SDK/esp_iot_rtos_sdk-master/lib\libphy.a(phy_sleep.o)
                                        0x103 (size before relaxing)
                0x00000000401016cc                pm_rtc_clock_cali
                0x0000000040101788                clockgate_watchdog
 *fill*         0x00000000401017b3        0x1 
 .text          0x00000000401017b4     0x14b2 C:/sviluppo/ESP8266/projects/ESPWebFramework/../../SDK/esp_iot_rtos_sdk-master/lib\libpp.a(lmac.o)
                                       0x1842 (size before relaxing)
                0x00000000401017b8                lmacIsActive
                0x00000000401017cc                lmacIsIdle
                0x0000000040101c18                lmacSetAcParam
                0x0000000040101cac                lmacProcessTXStartData
                0x0000000040101e54                lmacProcessTxSuccess
                0x0000000040101f9c                GetAccess
                0x0000000040101fa8                lmacDiscardAgedMSDU
                0x0000000040101fbc                lmacRecycleMPDU
                0x000000004010246c                lmacProcessCollisions
                0x00000000401024c8                lmacProcessCollision
                0x000000004010254c                lmacMSDUAged
                0x00000000401028dc                lmacProcessCtsTimeout
                0x0000000040102924                lmacProcessAckTimeout
                0x0000000040102978                lmacProcessRtsStart
                0x0000000040102984                lmacProcessTxRtsError
                0x0000000040102a1c                lmacProcessTxError
                0x0000000040102aa0                lmacTxFrame
                0x0000000040102c50                lmacRxDone
 *fill*         0x0000000040102c66        0x2 
 .text          0x0000000040102c68     0x1314 C:/sviluppo/ESP8266/projects/ESPWebFramework/../../SDK/esp_iot_rtos_sdk-master/lib\libpp.a(pp.o)
                                       0x1594 (size before relaxing)
                0x0000000040102cd4                ppTask
                0x0000000040102ec8                ppProcessWaitQ
                0x0000000040102edc                ppRecycleRxPkt
                0x0000000040102f38                ppCheckTxIdle
                0x000000004010320c                ppProcessTxQ
                0x00000000401032f8                ppGetTxQFirstAvail_Locked
                0x0000000040103384                ppFetchTxQFirstAvail
                0x00000000401033c4                ppDequeueTxQ
                0x00000000401033ec                ppRollBackTxQ
                0x0000000040103410                ppRecordBarRRC
                0x0000000040103420                ppTxqUpdateBitmap
                0x000000004010343c                ppEnqueueTxDone
                0x00000000401034e8                ppEnqueueRxq
                0x0000000040103d18                ppDiscardMPDU
                0x0000000040103d4c                pp_post
                0x0000000040103e34                ppCalTxop
                0x0000000040103f0c                ppCalFrameTimes
 .text          0x0000000040103f7c       0xf5 C:/sviluppo/ESP8266/projects/ESPWebFramework/../../SDK/esp_iot_rtos_sdk-master/lib\libpp.a(rate_control.o)
                                        0x109 (size before relaxing)
                0x0000000040103f9c                RC_GetAckRate
                0x0000000040103fa8                RC_GetRtsRate
                0x0000000040103fb8                RC_GetAckTime
                0x0000000040103fcc                RC_GetCtsTime
                0x0000000040104004                RC_GetBlockAckTime
 *fill*         0x0000000040104071        0x3 
 .text          0x0000000040104074      0x7f9 C:/sviluppo/ESP8266/projects/ESPWebFramework/../../SDK/esp_iot_rtos_sdk-master/lib\libpp.a(trc.o)
                                        0x81d (size before relaxing)
                0x00000000401041ec                rcUpdateTxDone
                0x0000000040104280                rcUpdateRxDone
                0x00000000401042dc                rcUpdateDataRxDone
                0x00000000401042f4                rcGetSched
                0x000000004010439c                rcGetRate
                0x00000000401047a0                rcReachRetryLimit
                0x00000000401047b8                trc_NeedRTS
 *fill*         0x000000004010486d        0x3 
 .text          0x0000000040104870      0x89c C:/sviluppo/ESP8266/projects/ESPWebFramework/../../SDK/esp_iot_rtos_sdk-master/lib\libpp.a(wdev.o)
                                        0xa2c (size before relaxing)
                0x0000000040104b18                wDev_ProcessFiq
                0x0000000040104db0                wDev_EnableTransmit
                0x0000000040104df4                wDev_DisableTransmit
                0x0000000040104e14                Tx_Copy2Queue
                0x0000000040104e5c                wDev_ProcessCollision
                0x0000000040104e80                wDev_GetTxqCollisions
                0x0000000040104e94                wDev_ClearTxqCollisions
                0x0000000040104eb0                wDev_SetWaitingQueue
                0x0000000040104efc                wDev_ClearWaitingQueue
                0x0000000040104f20                wDev_SetFrameAckType
                0x0000000040104f7c                wDev_AppendRxBlocks
                0x00000000401050a8                wDev_GetBAInfo
                0x00000000401050d8                wDevDisableRx
 .text          0x000000004010510c      0x4c2 C:/sviluppo/ESP8266/projects/ESPWebFramework/../../SDK/esp_iot_rtos_sdk-master/lib\libpp.a(esf_buf.o)
                                        0x5f2 (size before relaxing)
                0x0000000040105110                esf_rx_buf_alloc
                0x00000000401051a4                esf_buf_alloc
                0x00000000401053b4                esf_buf_recycle
 *fill*         0x00000000401055ce        0x2 
 .text          0x00000000401055d0       0xcf C:/sviluppo/ESP8266/projects/ESPWebFramework/../../SDK/esp_iot_rtos_sdk-master/lib\libnet80211.a(wl_chm.o)
                                         0xe7 (size before relaxing)
                0x00000000401055d4                chm_acquire_lock
                0x0000000040105618                chm_release_lock
                0x0000000040105634                chm_cancel_op
                0x000000004010566c                chm_return_home_channel
                0x0000000040105698                chm_get_current_channel
 *fill*         0x000000004010569f        0x1 
 .text          0x00000000401056a0       0x76 C:/sviluppo/ESP8266/projects/ESPWebFramework/../../SDK/esp_iot_rtos_sdk-master/lib\libmain.a(libc.o)
                                         0x7e (size before relaxing)
                0x00000000401056b4                rand_r
                0x0000000040105704                rand
 *fill*         0x0000000040105716        0x2 
 .literal       0x0000000040105718        0x4 c:/sviluppo/esp8266/sdk/xtensa-lx106-elf/bin/../lib/gcc/xtensa-lx106-elf/4.8.2\libgcc.a(_addsubsf3.o)
                                          0xc (size before relaxing)
 .literal       0x000000004010571c        0x0 c:/sviluppo/esp8266/sdk/xtensa-lx106-elf/bin/../lib/gcc/xtensa-lx106-elf/4.8.2\libgcc.a(_mulsf3.o)
                                         0x10 (size before relaxing)
 .literal       0x000000004010571c        0x0 c:/sviluppo/esp8266/sdk/xtensa-lx106-elf/bin/../lib/gcc/xtensa-lx106-elf/4.8.2\libgcc.a(_divsf3.o)
                                         0x10 (size before relaxing)
 .literal       0x000000004010571c        0x0 c:/sviluppo/esp8266/sdk/xtensa-lx106-elf/bin/../lib/gcc/xtensa-lx106-elf/4.8.2\libgcc.a(_fixsfsi.o)
                                          0x4 (size before relaxing)
 .literal       0x000000004010571c        0x0 c:/sviluppo/esp8266/sdk/xtensa-lx106-elf/bin/../lib/gcc/xtensa-lx106-elf/4.8.2\libgcc.a(_fixunssfsi.o)
                                          0x4 (size before relaxing)
 .literal       0x000000004010571c        0x8 c:/sviluppo/esp8266/sdk/xtensa-lx106-elf/bin/../lib/gcc/xtensa-lx106-elf/4.8.2\libgcc.a(_addsubdf3.o)
                                          0xc (size before relaxing)
 .literal       0x0000000040105724        0x4 c:/sviluppo/esp8266/sdk/xtensa-lx106-elf/bin/../lib/gcc/xtensa-lx106-elf/4.8.2\libgcc.a(_muldf3.o)
                                         0x10 (size before relaxing)
 .literal       0x0000000040105728        0x0 c:/sviluppo/esp8266/sdk/xtensa-lx106-elf/bin/../lib/gcc/xtensa-lx106-elf/4.8.2\libgcc.a(_divdf3.o)
                                         0x10 (size before relaxing)
 .literal       0x0000000040105728        0x0 c:/sviluppo/esp8266/sdk/xtensa-lx106-elf/bin/../lib/gcc/xtensa-lx106-elf/4.8.2\libgcc.a(_fixdfsi.o)
                                          0x4 (size before relaxing)
 .literal       0x0000000040105728        0x4 c:/sviluppo/esp8266/sdk/xtensa-lx106-elf/bin/../lib/gcc/xtensa-lx106-elf/4.8.2\libgcc.a(_truncdfsf2.o)
                                          0x8 (size before relaxing)
 .literal       0x000000004010572c        0x0 c:/sviluppo/esp8266/sdk/xtensa-lx106-elf/bin/../lib/gcc/xtensa-lx106-elf/4.8.2\libgcc.a(_extendsfdf2.o)
                                          0x8 (size before relaxing)
 .literal       0x000000004010572c        0x0 c:/sviluppo/esp8266/sdk/xtensa-lx106-elf/bin/../lib/gcc/xtensa-lx106-elf/4.8.2\libgcc.a(_muldi3.o)
                                          0x4 (size before relaxing)
 .literal       0x000000004010572c        0x4 c:/sviluppo/esp8266/sdk/xtensa-lx106-elf/bin/../lib/gcc/xtensa-lx106-elf/4.8.2\libgcc.a(_popcountsi2.o)
 .literal       0x0000000040105730        0x0 c:/sviluppo/esp8266/sdk/xtensa-lx106-elf/bin/../lib/gcc/xtensa-lx106-elf/4.8.2\libgcc.a(_divdi3.o)
                                         0x48 (size before relaxing)
 .literal       0x0000000040105730        0x0 c:/sviluppo/esp8266/sdk/xtensa-lx106-elf/bin/../lib/gcc/xtensa-lx106-elf/4.8.2\libgcc.a(_umoddi3.o)
                                         0x40 (size before relaxing)
 .text          0x0000000040105730      0x1ff c:/sviluppo/esp8266/sdk/xtensa-lx106-elf/bin/../lib/gcc/xtensa-lx106-elf/4.8.2\libgcc.a(_addsubsf3.o)
                0x000000004010574c                __addsf3
                0x0000000040105834                __subsf3
 *fill*         0x000000004010592f        0x1 
 .text          0x0000000040105930      0x15d c:/sviluppo/esp8266/sdk/xtensa-lx106-elf/bin/../lib/gcc/xtensa-lx106-elf/4.8.2\libgcc.a(_mulsf3.o)
                0x00000000401059a8                __mulsf3
 *fill*         0x0000000040105a8d        0x3 
 .text          0x0000000040105a90      0x135 c:/sviluppo/esp8266/sdk/xtensa-lx106-elf/bin/../lib/gcc/xtensa-lx106-elf/4.8.2\libgcc.a(_divsf3.o)
                0x0000000040105b0c                __divsf3
 *fill*         0x0000000040105bc5        0x3 
 .text          0x0000000040105bc8       0x40 c:/sviluppo/esp8266/sdk/xtensa-lx106-elf/bin/../lib/gcc/xtensa-lx106-elf/4.8.2\libgcc.a(_fixsfsi.o)
                0x0000000040105bc8                __fixsfsi
 .text          0x0000000040105c08       0x51 c:/sviluppo/esp8266/sdk/xtensa-lx106-elf/bin/../lib/gcc/xtensa-lx106-elf/4.8.2\libgcc.a(_fixunssfsi.o)
                0x0000000040105c08                __fixunssfsi
 *fill*         0x0000000040105c59        0x3 
 .text          0x0000000040105c5c      0x2f6 c:/sviluppo/esp8266/sdk/xtensa-lx106-elf/bin/../lib/gcc/xtensa-lx106-elf/4.8.2\libgcc.a(_addsubdf3.o)
                0x0000000040105c7c                __adddf3
                0x0000000040105dcc                __subdf3
 *fill*         0x0000000040105f52        0x2 
 .text          0x0000000040105f54      0x29b c:/sviluppo/esp8266/sdk/xtensa-lx106-elf/bin/../lib/gcc/xtensa-lx106-elf/4.8.2\libgcc.a(_muldf3.o)
                0x0000000040106034                __muldf3
 *fill*         0x00000000401061ef        0x1 
 .text          0x00000000401061f0      0x20b c:/sviluppo/esp8266/sdk/xtensa-lx106-elf/bin/../lib/gcc/xtensa-lx106-elf/4.8.2\libgcc.a(_divdf3.o)
                0x00000000401062d8                __divdf3
 *fill*         0x00000000401063fb        0x1 
 .text          0x00000000401063fc       0x48 c:/sviluppo/esp8266/sdk/xtensa-lx106-elf/bin/../lib/gcc/xtensa-lx106-elf/4.8.2\libgcc.a(_fixdfsi.o)
                0x00000000401063fc                __fixdfsi
 .text          0x0000000040106444       0xa0 c:/sviluppo/esp8266/sdk/xtensa-lx106-elf/bin/../lib/gcc/xtensa-lx106-elf/4.8.2\libgcc.a(_truncdfsf2.o)
                0x0000000040106444                __truncdfsf2
 .text          0x00000000401064e4       0x5e c:/sviluppo/esp8266/sdk/xtensa-lx106-elf/bin/../lib/gcc/xtensa-lx106-elf/4.8.2\libgcc.a(_extendsfdf2.o)
                0x00000000401064e4                __extendsfdf2
 *fill*         0x0000000040106542        0x2 
 .text          0x0000000040106544       0x36 c:/sviluppo/esp8266/sdk/xtensa-lx106-elf/bin/../lib/gcc/xtensa-lx106-elf/4.8.2\libgcc.a(_muldi3.o)
                0x0000000040106544                __muldi3
 *fill*         0x000000004010657a        0x2 
 .text          0x000000004010657c       0x21 c:/sviluppo/esp8266/sdk/xtensa-lx106-elf/bin/../lib/gcc/xtensa-lx106-elf/4.8.2\libgcc.a(_popcountsi2.o)
                0x000000004010657c                __popcountsi2
 *fill*         0x000000004010659d        0x3 
 .text          0x00000000401065a0      0x3eb c:/sviluppo/esp8266/sdk/xtensa-lx106-elf/bin/../lib/gcc/xtensa-lx106-elf/4.8.2\libgcc.a(_divdi3.o)
                                        0x41b (size before relaxing)
                0x00000000401065a0                __divdi3
 *fill*         0x000000004010698b        0x1 
 .text          0x000000004010698c      0x33a c:/sviluppo/esp8266/sdk/xtensa-lx106-elf/bin/../lib/gcc/xtensa-lx106-elf/4.8.2\libgcc.a(_umoddi3.o)
                                        0x366 (size before relaxing)
                0x000000004010698c                __umoddi3
 *fill*         0x0000000040106cc6        0x0 
 *fill*         0x0000000040106cc6        0x0 
 *fill*         0x0000000040106cc6        0x2 
 .text          0x0000000040106cc8       0x3d C:/sviluppo/ESP8266/projects/ESPWebFramework/../../SDK/esp_iot_rtos_sdk-master/lib\libmain.a(xtensa_context.o)
                0x0000000040106cc8                _xt_context_save
                0x0000000040106ce4                _xt_context_restore
 *fill*         0x0000000040106d05        0x0 
 *fill*         0x0000000040106d05        0x0 
 *fill*         0x0000000040106d05        0x3 
 .text          0x0000000040106d08       0x1f C:/sviluppo/ESP8266/projects/ESPWebFramework/../../SDK/esp_iot_rtos_sdk-master/lib\libfreertos.a(list.o)
                0x0000000040106d08                uxListRemove
 *fill*         0x0000000040106d27        0x1 
 .literal._ZN3fdv4Task5entryEPv
                0x0000000040106d28        0x0 libuser.a(user_main.o)
 *fill*         0x0000000040106d28        0x0 
 .literal._ZN3fdv14HardwareSerial3putEh
                0x0000000040106d28        0x0 libuser.a(fdvserial.o)
 .literal._ZN3fdv14HardwareSerial4peekEv
                0x0000000040106d28        0x0 libuser.a(fdvserial.o)
 .literal._ZN3fdv14HardwareSerial11waitForDataEm
                0x0000000040106d28        0x0 libuser.a(fdvserial.o)
 .literal._ZN3fdv14HardwareSerial4readEv
                0x0000000040106d28        0x0 libuser.a(fdvserial.o)
 .literal._ZN3fdv14HardwareSerial9availableEv
                0x0000000040106d28        0x0 libuser.a(fdvserial.o)
 .literal._ZN3fdv14HardwareSerial5flushEv
                0x0000000040106d28        0x0 libuser.a(fdvserial.o)
 *fill*         0x0000000040106d28        0x0 
 *fill*         0x0000000040106d28        0x0 
 *fill*         0x0000000040106d28        0x0 
 *fill*         0x0000000040106d28        0x0 
 *fill*         0x0000000040106d28        0x0 
 *fill*         0x0000000040106d28        0x0 
 .text          0x0000000040106d28       0x64 c:/sviluppo/esp8266/sdk/xtensa-lx106-elf/bin/../lib/gcc/xtensa-lx106-elf/4.8.2\libgcc.a(_divsi3.o)
                0x0000000040106d28                __divsi3
 .text          0x0000000040106d8c       0x4c c:/sviluppo/esp8266/sdk/xtensa-lx106-elf/bin/../lib/gcc/xtensa-lx106-elf/4.8.2\libgcc.a(_udivsi3.o)
                0x0000000040106d8c                __udivsi3
 .text          0x0000000040106dd8       0x39 c:/sviluppo/esp8266/sdk/xtensa-lx106-elf/bin/../lib/gcc/xtensa-lx106-elf/4.8.2\libgcc.a(_umodsi3.o)
                0x0000000040106dd8                __umodsi3
 *fill*         0x0000000040106e11        0x3 
 .text          0x0000000040106e14       0x20 C:/sviluppo/ESP8266/projects/ESPWebFramework/../../SDK/esp_iot_rtos_sdk-master/lib\libhal.a(clock.o)
                0x0000000040106e14                xthal_get_ccount
                0x0000000040106e1c                xthal_set_ccompare
                0x0000000040106e28                xthal_get_ccompare
 .text          0x0000000040106e34        0x5 C:/sviluppo/ESP8266/projects/ESPWebFramework/../../SDK/esp_iot_rtos_sdk-master/lib\libhal.a(int_asm--set_intset.o)
                0x0000000040106e34                xthal_set_intset
 *fill*         0x0000000040106e39        0x0 
 *fill*         0x0000000040106e39        0x3 
 .text          0x0000000040106e3c        0x2 C:/sviluppo/ESP8266/projects/ESPWebFramework/../../SDK/esp_iot_rtos_sdk-master/lib\libphy.a(phy_chip_v6.o)
                0x0000000040106e3c                ram_tx_mac_disable
 *fill*         0x0000000040106e3e        0x0 
 *fill*         0x0000000040106e3e        0x0 
 *fill*         0x0000000040106e3e        0x0 
 *fill*         0x0000000040106e3e        0x0 
 *fill*         0x0000000040106e3e        0x0 
 *fill*         0x0000000040106e3e        0x2 
 .text          0x0000000040106e40       0x25 C:/sviluppo/ESP8266/projects/ESPWebFramework/../../SDK/esp_iot_rtos_sdk-master/lib\libnet80211.a(ieee80211_hostap.o)
 *fill*         0x0000000040106e65        0x3 
 .text          0x0000000040106e68       0x56 C:/sviluppo/ESP8266/projects/ESPWebFramework/../../SDK/esp_iot_rtos_sdk-master/lib\libnet80211.a(ieee80211_input.o)
                0x0000000040106e68                ieee80211_parse_action
 *fill*         0x0000000040106ebe        0x0 
 *fill*         0x0000000040106ebe        0x2 
 .text          0x0000000040106ec0       0x11 C:/sviluppo/ESP8266/projects/ESPWebFramework/../../SDK/esp_iot_rtos_sdk-master/lib\libwpa.a(wpa_auth.o)
 *fill*         0x0000000040106ed1        0x0 
 *fill*         0x0000000040106ed1        0x3 
 .text          0x0000000040106ed4       0x49 c:/sviluppo/esp8266/sdk/xtensa-lx106-elf/bin/../lib/gcc/xtensa-lx106-elf/4.8.2\libgcc.a(_modsi3.o)
                0x0000000040106ed4                __modsi3
 *fill*         0x0000000040106f1d        0x3 
 .text          0x0000000040106f20       0x18 c:/sviluppo/esp8266/sdk/xtensa-lx106-elf/bin/../lib/gcc/xtensa-lx106-elf/4.8.2\libgcc.a(_ashrdi3.o)
                0x0000000040106f20                __ashrdi3
 *fill*         0x0000000040106f38        0x0 
 *fill*         0x0000000040106f38        0x0 
 *fill*         0x0000000040106f38        0x0 
 *fill*         0x0000000040106f38        0x0 
 .text          0x0000000040106f38       0x44 c:/sviluppo/esp8266/sdk/xtensa-lx106-elf/bin/../lib/gcc/xtensa-lx106-elf/4.8.2\libgcc.a(_floatsisf.o)
                0x0000000040106f38                __floatunsisf
                0x0000000040106f40                __floatsisf
 *fill*         0x0000000040106f7c        0x0 
 *fill*         0x0000000040106f7c        0x0 
 *fill*         0x0000000040106f7c        0x0 
 .text          0x0000000040106f7c       0x36 c:/sviluppo/esp8266/sdk/xtensa-lx106-elf/bin/../lib/gcc/xtensa-lx106-elf/4.8.2\libgcc.a(_floatsidf.o)
                0x0000000040106f7c                __floatunsidf
                0x0000000040106f84                __floatsidf
 *fill*         0x0000000040106fb2        0x0 
 *fill*         0x0000000040106fb2        0x0 
 *fill*         0x0000000040106fb2        0x0 
 *fill*         0x0000000040106fb2        0x0 
 *fill*         0x0000000040106fb2        0x0 
 *fill*         0x0000000040106fb2        0x2 
 .text          0x0000000040106fb4       0x48 c:/sviluppo/esp8266/sdk/xtensa-lx106-elf/bin/../lib/gcc/xtensa-lx106-elf/4.8.2\libgcc.a(_umulsidi3.o)
                0x0000000040106fb4                __umulsidi3
 *(.fini.literal)
 *(.fini)
 *(.gnu.version)
                0x0000000040106ffc                _text_end = ABSOLUTE (.)
                0x0000000040106ffc                _etext = .

.lit4           0x0000000040106ffc        0x0
                0x0000000040106ffc                _lit4_start = ABSOLUTE (.)
 *(*.lit4)
 *(.lit4.*)
 *(.gnu.linkonce.lit4.*)
                0x0000000040106ffc                _lit4_end = ABSOLUTE (.)

.irom0.text     0x0000000040240000    0x2b367
                0x0000000040240000                _irom0_text_start = ABSOLUTE (.)
 *(.irom0.literal .irom.literal .irom.text.literal .irom0.text .irom.text)
 .irom0.text    0x0000000040240000      0x50e C:/sviluppo/ESP8266/projects/ESPWebFramework/../../SDK/esp_iot_rtos_sdk-master/lib\libmain.a(app_main.o)
                                        0x62a (size before relaxing)
                0x000000004024002c                read_macaddr_from_otp
                0x0000000040240218                uart_rx_one_char
                0x0000000040240244                wdt_task
                0x0000000040240288                wdt_init
                0x0000000040240378                user_init_task
 *fill*         0x000000004024050e        0x2 
 .irom0.text    0x0000000040240510       0xd4 C:/sviluppo/ESP8266/projects/ESPWebFramework/../../SDK/esp_iot_rtos_sdk-master/lib\libmain.a(misc.o)
                                         0xe4 (size before relaxing)
                0x0000000040240518                os_delay_us
                0x0000000040240518                ets_delay_us
                0x000000004024054c                os_update_cpu_frequency
                0x000000004024054c                ets_update_cpu_frequency
                0x0000000040240558                os_install_putc1
                0x0000000040240560                os_putc
                0x0000000040240578                gpio_output_set
                0x000000004024059c                rtc_get_reset_reason
 .irom0.text    0x00000000402405e4       0x4a C:/sviluppo/ESP8266/projects/ESPWebFramework/../../SDK/esp_iot_rtos_sdk-master/lib\libmain.a(uart.o)
                                         0x4e (size before relaxing)
                0x00000000402405e4                uart_buff_switch
                0x00000000402405f4                uart_div_modify
                0x000000004024062c                Uart_Init
 *fill*         0x000000004024062e        0x2 
 .irom0.text    0x0000000040240630     0x1694 C:/sviluppo/ESP8266/projects/ESPWebFramework/../../SDK/esp_iot_rtos_sdk-master/lib\libmain.a(user_interface.o)
                                       0x1b24 (size before relaxing)
                0x00000000402407c0                system_pp_recycle_rx_pkt
                0x00000000402407d4                system_adc_read
                0x00000000402407f0                system_restart
                0x0000000040240858                system_upgrade_userbin_set
                0x0000000040240870                system_upgrade_userbin_check
                0x000000004024088c                system_upgrade_flag_set
                0x00000000402408ac                system_upgrade_flag_check
                0x00000000402408c8                system_upgrade_reboot
                0x000000004024094c                system_deep_sleep
                0x0000000040240ac8                system_get_time
                0x0000000040240ae8                system_station_got_ip_set
                0x0000000040240bac                system_print_meminfo
                0x0000000040240c1c                system_get_free_heap_size
                0x0000000040240c34                system_get_chip_id
                0x0000000040240c58                system_rtc_clock_cali_proc
                0x0000000040240c88                system_get_rtc_time
                0x0000000040240c9c                wifi_station_dhcpc_start
                0x0000000040240cf4                wifi_station_dhcpc_stop
                0x0000000040240d34                wifi_get_opmode
                0x0000000040240d44                wifi_set_opmode_local
                0x0000000040240d94                wifi_set_opmode
                0x0000000040240df0                wifi_param_save_protect
                0x0000000040240eac                wifi_station_get_config
                0x0000000040240ef4                wifi_station_ap_number_set
                0x000000004024100c                wifi_station_set_config
                0x0000000040241118                wifi_station_get_current_ap_id
                0x0000000040241130                wifi_station_ap_change
                0x0000000040241210                wifi_station_scan
                0x0000000040241254                wifi_station_get_auto_connect
                0x0000000040241268                wifi_station_set_auto_connect
                0x000000004024129c                wifi_station_connect
                0x00000000402412e8                wifi_station_disconnect
                0x000000004024134c                wifi_station_get_connect_status
                0x0000000040241378                wifi_softap_cacl_mac
                0x00000000402413ec                wifi_softap_set_default_ssid
                0x0000000040241444                wifi_softap_get_config
                0x00000000402414e4                wifi_softap_set_config
                0x00000000402416c0                wifi_softap_set_station_info
                0x0000000040241720                wifi_softap_get_station_info
                0x000000004024179c                wifi_softap_free_station_info
                0x00000000402417d4                wifi_softap_deauth
                0x0000000040241880                wifi_get_phy_mode
                0x0000000040241888                wifi_set_phy_mode
                0x0000000040241910                wifi_set_sleep_type
                0x0000000040241938                wifi_get_channel
                0x0000000040241950                wifi_set_channel
                0x0000000040241980                wifi_promiscuous_enable
                0x00000000402419f8                wifi_set_promiscuous_rx_cb
                0x0000000040241a00                wifi_get_ip_info
                0x0000000040241a6c                wifi_set_ip_info
                0x0000000040241b00                wifi_get_macaddr
                0x0000000040241b5c                wifi_set_macaddr
                0x0000000040241bfc                wifi_status_led_install
                0x0000000040241c3c                system_uart_swap
 .irom0.text    0x0000000040241cc4      0x146 C:/sviluppo/ESP8266/projects/ESPWebFramework/../../SDK/esp_iot_rtos_sdk-master/lib\libmain.a(timers.o)
                                        0x172 (size before relaxing)
                0x0000000040241cc8                os_timer_setfn
                0x0000000040241d54                os_timer_arm
                0x0000000040241dec                os_timer_disarm
 *fill*         0x0000000040241e0a        0x2 
 .irom0.text    0x0000000040241e0c      0x121 C:/sviluppo/ESP8266/projects/ESPWebFramework/../../SDK/esp_iot_rtos_sdk-master/lib\libfreertos.a(port.o)
                                        0x145 (size before relaxing)
                0x0000000040241e10                pxPortInitialiseStack
                0x0000000040241e54                xPortStartScheduler
                0x0000000040241e94                vPortEndScheduler
                0x0000000040241ea0                vPortEnterCritical
                0x0000000040241ec8                vPortExitCritical
                0x0000000040241ef0                vPortEnterCritical1
                0x0000000040241f10                vPortExitCritical1
 *fill*         0x0000000040241f2d        0x3 
 .irom0.text    0x0000000040241f30      0x767 C:/sviluppo/ESP8266/projects/ESPWebFramework/../../SDK/esp_iot_rtos_sdk-master/lib\libfreertos.a(queue.o)
                                        0x96b (size before relaxing)
                0x0000000040241f34                xQueueGenericReset
                0x0000000040241fb8                xQueueGenericCreate
                0x0000000040242018                xQueueCreateMutex
                0x0000000040242074                xQueueGenericSend
                0x0000000040242174                xQueueGenericSendFromISR
                0x00000000402421f8                xQueueGenericReceive
                0x0000000040242340                xQueueReceiveFromISR
                0x00000000402423bc                xQueuePeekFromISR
                0x00000000402423fc                uxQueueMessagesWaiting
                0x0000000040242420                uxQueueMessagesWaitingFromISR
                0x0000000040242428                vQueueDelete
                0x00000000402425f0                xQueueIsQueueEmptyFromISR
                0x0000000040242630                xQueueIsQueueFullFromISR
                0x0000000040242644                vQueueWaitForMessageRestricted
 *fill*         0x0000000040242697        0x1 
 .irom0.text    0x0000000040242698      0xbcd C:/sviluppo/ESP8266/projects/ESPWebFramework/../../SDK/esp_iot_rtos_sdk-master/lib\libfreertos.a(tasks.o)
                                        0xeb1 (size before relaxing)
                0x00000000402426a0                xTaskGenericCreate
                0x000000004024279c                vTaskDelete
                0x000000004024280c                vTaskDelayUntil
                0x000000004024287c                vTaskDelay
                0x00000000402428c4                uxTaskPriorityGet
                0x00000000402428f0                vTaskPrioritySet
                0x00000000402429c0                vTaskSuspend
                0x0000000040242a3c                xTaskIsTaskSuspended
                0x0000000040242a60                vTaskResume
                0x0000000040242ad8                xTaskResumeFromISR
                0x0000000040242b74                vTaskStartScheduler
                0x0000000040242bd0                vTaskEndScheduler
                0x0000000040242bf0                vTaskSuspendAll
                0x0000000040242c0c                xTaskResumeAll
                0x0000000040242d08                xTaskGetTickCount
                0x0000000040242d2c                xTaskGetTickCountFromISR
                0x0000000040242d50                uxTaskGetNumberOfTasks
                0x0000000040242d5c                xTaskGetIdleTaskHandle
                0x0000000040242d64                vTaskPlaceOnEventList
                0x0000000040242dbc                vTaskPlaceOnEventListRestricted
                0x0000000040242dfc                xTaskRemoveFromEventList
                0x0000000040242e7c                vTaskSetTimeOutState
                0x0000000040242e90                xTaskCheckForTimeOut
                0x0000000040242ee8                vTaskMissedYield
                0x0000000040243120                uxTaskGetStackHighWaterMark
                0x0000000040243160                xTaskGetCurrentTaskHandle
                0x000000004024316c                xTaskGetSchedulerState
                0x000000004024318c                vTaskPriorityInherit
                0x0000000040243210                vTaskPriorityDisinherit
 *fill*         0x0000000040243265        0x3 
 .irom0.text    0x0000000040243268      0x404 C:/sviluppo/ESP8266/projects/ESPWebFramework/../../SDK/esp_iot_rtos_sdk-master/lib\libfreertos.a(timers.o)
                                        0x4ec (size before relaxing)
                0x0000000040243278                xTimerCreateTimerTask
                0x00000000402432c4                xTimerCreate
                0x0000000040243318                xTimerGenericCommand
                0x0000000040243374                xTimerGetTimerDaemonTaskHandle
                0x0000000040243640                xTimerIsTimerActive
                0x0000000040243668                pvTimerGetTimerID
 .irom0.text    0x000000004024366c     0x1242 C:/sviluppo/ESP8266/projects/ESPWebFramework/../../SDK/esp_iot_rtos_sdk-master/lib\liblwip.a(dhcp.o)
                                       0x14aa (size before relaxing)
                0x0000000040243888                dhcp_coarse_tmr
                0x00000000402438d0                dhcp_fine_tmr
                0x0000000040243afc                dhcp_set_struct
                0x0000000040243b20                dhcp_cleanup
                0x0000000040243b44                dhcp_start
                0x0000000040243bf0                dhcp_inform
                0x0000000040243c98                dhcp_network_changed
                0x0000000040243ce0                dhcp_arp_reply
                0x0000000040243f60                dhcp_renew
                0x0000000040244164                dhcp_release
                0x0000000040244224                dhcp_stop
 *fill*         0x00000000402448ae        0x2 
 .irom0.text    0x00000000402448b0      0x5ef C:/sviluppo/ESP8266/projects/ESPWebFramework/../../SDK/esp_iot_rtos_sdk-master/lib\liblwip.a(dns.o)
                                        0x6b7 (size before relaxing)
                0x00000000402448bc                dns_init
                0x0000000040244910                dns_setserver
                0x000000004024493c                dns_getserver
                0x0000000040244950                dns_tmr
                0x0000000040244e40                dns_gethostbyname
 *fill*         0x0000000040244e9f        0x1 
 .irom0.text    0x0000000040244ea0      0x8fa C:/sviluppo/ESP8266/projects/ESPWebFramework/../../SDK/esp_iot_rtos_sdk-master/lib\liblwip.a(etharp.o)
                                        0xa32 (size before relaxing)
                0x0000000040244f00                etharp_tmr
                0x0000000040245120                etharp_cleanup_netif
                0x000000004024515c                etharp_find_addr
                0x0000000040245368                etharp_output
                0x0000000040245494                etharp_query
                0x00000000402456b0                etharp_request
                0x00000000402456d4                ethernet_input
 *fill*         0x000000004024579a        0x2 
 .irom0.text    0x000000004024579c      0x2d0 C:/sviluppo/ESP8266/projects/ESPWebFramework/../../SDK/esp_iot_rtos_sdk-master/lib\liblwip.a(ip4_addr.o)
                                        0x2e0 (size before relaxing)
                0x000000004024579c                ip4_addr_isbroadcast
                0x00000000402457cc                ip4_addr_netmask_valid
                0x0000000040245810                ipaddr_addr
                0x000000004024582c                ipaddr_aton
                0x0000000040245990                ipaddr_ntoa
                0x00000000402459a8                ipaddr_ntoa_r
 .irom0.text    0x0000000040245a6c      0x4dc C:/sviluppo/ESP8266/projects/ESPWebFramework/../../SDK/esp_iot_rtos_sdk-master/lib\liblwip.a(ip4.o)
                                        0x58c (size before relaxing)
                0x0000000040245a70                ip_route
                0x0000000040245ae8                ip_input
                0x0000000040245d80                ip_output_if
                0x0000000040245f04                ip_output
 .irom0.text    0x0000000040245f48      0x8af C:/sviluppo/ESP8266/projects/ESPWebFramework/../../SDK/esp_iot_rtos_sdk-master/lib\liblwip.a(ip_frag.o)
                                        0x99b (size before relaxing)
                0x0000000040245f4c                ip_reass_tmr
                0x00000000402463ec                ip_reass
                0x00000000402466a0                ip_frag
 *fill*         0x00000000402467f7        0x1 
 .irom0.text    0x00000000402467f8      0x24d C:/sviluppo/ESP8266/projects/ESPWebFramework/../../SDK/esp_iot_rtos_sdk-master/lib\liblwip.a(netif.o)
                                        0x275 (size before relaxing)
                0x00000000402467f8                netif_init
                0x0000000040246800                netif_add
                0x0000000040246858                netif_set_addr
                0x0000000040246880                netif_remove
                0x00000000402468cc                netif_find
                0x000000004024690c                netif_set_ipaddr
                0x0000000040246974                netif_set_gw
                0x0000000040246984                netif_set_netmask
                0x0000000040246994                netif_set_default
                0x000000004024699c                netif_set_up
                0x00000000402469d4                netif_set_down
                0x00000000402469f8                netif_set_link_up
                0x0000000040246a34                netif_set_link_down
 *fill*         0x0000000040246a45        0x3 
 .irom0.text    0x0000000040246a48      0x63e C:/sviluppo/ESP8266/projects/ESPWebFramework/../../SDK/esp_iot_rtos_sdk-master/lib\liblwip.a(pbuf.o)
                                        0x6a2 (size before relaxing)
                0x0000000040246a48                pbuf_alloc
                0x0000000040246b90                pbuf_realloc
                0x0000000040246bd8                pbuf_header
                0x0000000040246c44                pbuf_free
                0x0000000040246cc4                pbuf_clen
                0x0000000040246cdc                pbuf_ref
                0x0000000040246d00                pbuf_cat
                0x0000000040246d2c                pbuf_chain
                0x0000000040246d48                pbuf_dechain
                0x0000000040246d84                pbuf_copy
                0x0000000040246e2c                pbuf_copy_partial
                0x0000000040246eb4                pbuf_take
                0x0000000040246f18                pbuf_coalesce
                0x0000000040246f4c                pbuf_get_at
                0x0000000040246f74                pbuf_memcmp
                0x0000000040246fe8                pbuf_memfind
                0x000000004024703c                pbuf_strstr
 *fill*         0x0000000040247086        0x2 
 .irom0.text    0x0000000040247088      0x1df C:/sviluppo/ESP8266/projects/ESPWebFramework/../../SDK/esp_iot_rtos_sdk-master/lib\liblwip.a(raw.o)
                                        0x22f (size before relaxing)
                0x0000000040247090                raw_input
                0x0000000040247118                raw_bind
                0x0000000040247128                raw_connect
                0x0000000040247138                raw_recv
                0x0000000040247140                raw_sendto
                0x00000000402471dc                raw_send
                0x00000000402471f0                raw_remove
                0x0000000040247224                raw_new
 *fill*         0x0000000040247267        0x1 
 .irom0.text    0x0000000040247268      0x33f C:/sviluppo/ESP8266/projects/ESPWebFramework/../../SDK/esp_iot_rtos_sdk-master/lib\liblwip.a(sys_arch.o)
                                        0x3df (size before relaxing)
                0x0000000040247268                sys_init
                0x000000004024726c                sys_sem_new
                0x00000000402472b4                sys_sem_free
                0x00000000402472c8                sys_sem_signal
                0x00000000402472e4                sys_arch_sem_wait
                0x000000004024735c                sys_mbox_new
                0x0000000040247388                sys_mbox_free
                0x00000000402473a8                sys_mbox_post
                0x00000000402473d0                sys_mbox_trypost
                0x00000000402473fc                sys_arch_mbox_fetch
                0x0000000040247480                sys_arch_mbox_tryfetch
                0x00000000402474a4                sys_mutex_new
                0x00000000402474cc                sys_mutex_lock
                0x00000000402474f0                sys_mutex_unlock
                0x000000004024750c                sys_mutex_free
                0x0000000040247520                sys_now
                0x0000000040247534                sys_thread_new
                0x0000000040247568                sys_arch_protect
                0x000000004024757c                sys_arch_unprotect
                0x0000000040247594                sys_arch_assert
 *fill*         0x00000000402475a7        0x1 
 .irom0.text    0x00000000402475a8     0x10f9 C:/sviluppo/ESP8266/projects/ESPWebFramework/../../SDK/esp_iot_rtos_sdk-master/lib\liblwip.a(tcp_in.o)
                                       0x12c1 (size before relaxing)
                0x00000000402475b0                tcp_input
 *fill*         0x00000000402486a1        0x3 
 .irom0.text    0x00000000402486a4      0x37a C:/sviluppo/ESP8266/projects/ESPWebFramework/../../SDK/esp_iot_rtos_sdk-master/lib\liblwip.a(tcpip.o)
                                        0x46a (size before relaxing)
                0x0000000040248760                tcpip_input
                0x00000000402487b4                tcpip_callback_with_block
                0x0000000040248818                tcpip_timeout
                0x0000000040248868                tcpip_untimeout
                0x00000000402488b4                tcpip_apimsg
                0x0000000040248900                tcpip_callbackmsg_new
                0x0000000040248930                tcpip_callbackmsg_delete
                0x0000000040248944                tcpip_trycallback
                0x0000000040248978                tcpip_init
                0x00000000402489f0                pbuf_free_callback
                0x0000000040248a08                mem_free_callback
 *fill*         0x0000000040248a1e        0x2 
 .irom0.text    0x0000000040248a20      0xd3e C:/sviluppo/ESP8266/projects/ESPWebFramework/../../SDK/esp_iot_rtos_sdk-master/lib\liblwip.a(tcp.o)
                                        0xe9a (size before relaxing)
                0x0000000040248a20                tcp_init
                0x0000000040248a28                tcp_tmr
                0x0000000040248bb8                tcp_close
                0x0000000040248bdc                tcp_shutdown
                0x0000000040248c48                tcp_abandon
                0x0000000040248cdc                tcp_abort
                0x0000000040248cf4                tcp_bind
                0x0000000040248da8                tcp_listen_with_backlog
                0x0000000040248e80                tcp_update_rcv_ann_wnd
                0x0000000040248ebc                tcp_recved
                0x0000000040248f60                tcp_connect
                0x00000000402490a8                tcp_slowtmr
                0x0000000040249354                tcp_fasttmr
                0x00000000402493c8                tcp_process_refused_data
                0x000000004024944c                tcp_segs_free
                0x0000000040249468                tcp_seg_free
                0x0000000040249490                tcp_setprio
                0x0000000040249498                tcp_recv_null
                0x0000000040249550                tcp_alloc
                0x0000000040249620                tcp_new
                0x0000000040249634                tcp_arg
                0x0000000040249638                tcp_recv
                0x0000000040249640                tcp_sent
                0x0000000040249648                tcp_err
                0x0000000040249650                tcp_accept
                0x0000000040249654                tcp_poll
                0x000000004024965c                tcp_pcb_purge
                0x00000000402496a4                tcp_pcb_remove
                0x000000004024970c                tcp_next_iss
                0x000000004024971c                tcp_eff_send_mss_impl
                0x0000000040249754                tcp_debug_state_str
 *fill*         0x000000004024975e        0x2 
 .irom0.text    0x0000000040249760     0x1027 C:/sviluppo/ESP8266/projects/ESPWebFramework/../../SDK/esp_iot_rtos_sdk-master/lib\liblwip.a(tcp_out.o)
                                       0x117f (size before relaxing)
                0x0000000040249860                tcp_send_fin
                0x0000000040249a6c                tcp_write
                0x0000000040249dcc                tcp_enqueue_flags
                0x0000000040249ed0                tcp_send_empty_ack
                0x0000000040249f60                tcp_output
                0x000000004024a39c                tcp_rst_impl
                0x000000004024a4c8                tcp_rexmit_rto
                0x000000004024a500                tcp_rexmit
                0x000000004024a5b0                tcp_rexmit_fast
                0x000000004024a608                tcp_keepalive